Linux 7.2.4 (NixThinkpad) 	2026-09-15 	_x86_64_	(16 CPU)

04:13:59 PM   UID       PID    %usr %system  %guest   %wait    %CPU   CPU  Command
04:14:00 PM     0     58310    6.00   44.00    0.00    0.00   50.00    12  vnetd
04:14:00 PM     0     58312   12.00   42.00    0.00    0.00   54.00     2  vnetd

04:14:00 PM   UID       PID    %usr %system  %guest   %wait    %CPU   CPU  Command
04:14:01 PM     0     58310    8.00   43.00    0.00    0.00   51.00    14  vnetd
04:14:01 PM     0     58312   14.00   42.00    0.00    1.00   56.00     8  vnetd

04:14:01 PM   UID       PID    %usr %system  %guest   %wait    %CPU   CPU  Command
04:14:02 PM     0     58310    8.00   45.00    0.00    0.00   53.00     0  vnetd
04:14:02 PM     0     58312   13.00   45.00    0.00    0.00   58.00     9  vnetd

04:14:02 PM   UID       PID    %usr %system  %guest   %wait    %CPU   CPU  Command
04:14:03 PM     0     58310    8.00   44.00    0.00    1.00   52.00     6  vnetd
04:14:03 PM     0     58312   12.00   43.00    0.00    0.00   55.00     7  vnetd

04:14:03 PM   UID       PID    %usr %system  %guest   %wait    %CPU   CPU  Command
04:14:04 PM     0     58310   10.00   44.00    0.00    0.00   54.00     3  vnetd
04:14:04 PM     0     58312   13.00   46.00    0.00    0.00   59.00     4  vnetd

04:14:04 PM   UID       PID    %usr %system  %guest   %wait    %CPU   CPU  Command
04:14:05 PM     0     58310    8.00   45.00    0.00    0.00   53.00    13  vnetd
04:14:05 PM     0     58312   13.00   44.00    0.00    1.00   57.00    11  vnetd

04:14:05 PM   UID       PID    %usr %system  %guest   %wait    %CPU   CPU  Command
04:14:06 PM     0     58310    9.00   45.00    0.00    0.00   54.00     0  vnetd
04:14:06 PM     0     58312   13.00   45.00    0.00    0.00   58.00     2  vnetd

04:14:06 PM   UID       PID    %usr %system  %guest   %wait    %CPU   CPU  Command
04:14:07 PM     0     58310    9.00   45.00    0.00    1.00   54.00     4  vnetd
04:14:07 PM     0     58312   13.00   45.00    0.00    0.00   58.00    11  vnetd

04:14:07 PM   UID       PID    %usr %system  %guest   %wait    %CPU   CPU  Command
04:14:08 PM     0     58310    8.00   44.00    0.00    0.00   52.00     6  vnetd
04:14:08 PM     0     58312   13.00   44.00    0.00    1.00   57.00     0  vnetd

04:14:08 PM   UID       PID    %usr %system  %guest   %wait    %CPU   CPU  Command
04:14:09 PM     0     58310    8.00   47.00    0.00    0.00   55.00    11  vnetd
04:14:09 PM     0     58312   15.00   43.00    0.00    0.00   58.00    13  vnetd

04:14:09 PM   UID       PID    %usr %system  %guest   %wait    %CPU   CPU  Command
04:14:10 PM     0     58310    9.00   44.00    0.00    0.00   53.00     2  vnetd
04:14:10 PM     0     58312   13.00   45.00    0.00    0.00   58.00     7  vnetd

04:14:10 PM   UID       PID    %usr %system  %guest   %wait    %CPU   CPU  Command
04:14:11 PM     0     58310   10.00   43.00    0.00    0.00   53.00     9  vnetd
04:14:11 PM     0     58312   15.00   42.00    0.00    0.00   57.00    11  vnetd

04:14:11 PM   UID       PID    %usr %system  %guest   %wait    %CPU   CPU  Command
04:14:12 PM     0     58310    8.00   47.00    0.00    0.00   55.00    12  vnetd
04:14:12 PM     0     58312   13.00   45.00    0.00    0.00   58.00    11  vnetd

04:14:12 PM   UID       PID    %usr %system  %guest   %wait    %CPU   CPU  Command
04:14:13 PM     0     58310    8.00   45.00    0.00    1.00   53.00    12  vnetd
04:14:13 PM     0     58312   12.00   45.00    0.00    0.00   57.00    11  vnetd

04:14:13 PM   UID       PID    %usr %system  %guest   %wait    %CPU   CPU  Command
04:14:14 PM     0     58310    8.00   45.00    0.00    0.00   53.00    10  vnetd
04:14:14 PM     0     58312   15.00   44.00    0.00    1.00   59.00     2  vnetd

04:14:14 PM   UID       PID    %usr %system  %guest   %wait    %CPU   CPU  Command
04:14:15 PM     0     58310    9.00   46.00    0.00    0.00   55.00     6  vnetd
04:14:15 PM     0     58312   14.00   46.00    0.00    0.00   60.00    15  vnetd

04:14:15 PM   UID       PID    %usr %system  %guest   %wait    %CPU   CPU  Command
04:14:16 PM     0     58310   11.00   44.00    0.00    1.00   55.00    13  vnetd
04:14:16 PM     0     58312   16.00   43.00    0.00    1.00   59.00     0  vnetd

04:14:16 PM   UID       PID    %usr %system  %guest   %wait    %CPU   CPU  Command
04:14:17 PM     0     58310   10.00   43.00    0.00    0.00   53.00     8  vnetd
04:14:17 PM     0     58312   13.00   45.00    0.00    0.00   58.00    13  vnetd

04:14:17 PM   UID       PID    %usr %system  %guest   %wait    %CPU   CPU  Command
04:14:18 PM     0     58310    8.00   44.00    0.00    0.00   52.00     6  vnetd
04:14:18 PM     0     58312   14.00   42.00    0.00    0.00   56.00    12  vnetd

04:14:18 PM   UID       PID    %usr %system  %guest   %wait    %CPU   CPU  Command
04:14:19 PM     0     58310   11.00   43.00    0.00    1.00   54.00     4  vnetd
04:14:19 PM     0     58312   14.00   45.00    0.00    1.00   59.00    13  vnetd

04:14:19 PM   UID       PID    %usr %system  %guest   %wait    %CPU   CPU  Command
04:14:20 PM     0     58310   11.00   45.00    0.00    0.00   56.00    14  vnetd
04:14:20 PM     0     58312   16.00   45.00    0.00    1.00   61.00     6  vnetd

04:14:20 PM   UID       PID    %usr %system  %guest   %wait    %CPU   CPU  Command
04:14:21 PM     0     58310   10.00   44.00    0.00    0.00   54.00     2  vnetd
04:14:21 PM     0     58312   12.00   47.00    0.00    0.00   59.00     9  vnetd

04:14:21 PM   UID       PID    %usr %system  %guest   %wait    %CPU   CPU  Command
04:14:22 PM     0     58310   10.00   45.00    0.00    1.00   55.00    10  vnetd
04:14:22 PM     0     58312   16.00   42.00    0.00    1.00   58.00     0  vnetd

04:14:22 PM   UID       PID    %usr %system  %guest   %wait    %CPU   CPU  Command
04:14:23 PM     0     58310   11.00   43.00    0.00    1.00   54.00    15  vnetd
04:14:23 PM     0     58312   13.00   46.00    0.00    1.00   59.00     6  vnetd

04:14:23 PM   UID       PID    %usr %system  %guest   %wait    %CPU   CPU  Command
04:14:24 PM     0     58310    9.00   44.00    0.00    0.00   53.00     2  vnetd
04:14:24 PM     0     58312   13.00   44.00    0.00    0.00   57.00     8  vnetd

04:14:24 PM   UID       PID    %usr %system  %guest   %wait    %CPU   CPU  Command
04:14:25 PM     0     58310    8.00   46.00    0.00    0.00   54.00    12  vnetd
04:14:25 PM     0     58312   14.00   43.00    0.00    0.00   57.00     7  vnetd

04:14:25 PM   UID       PID    %usr %system  %guest   %wait    %CPU   CPU  Command
04:14:26 PM     0     58310    8.00   45.00    0.00    0.00   53.00    11  vnetd
04:14:26 PM     0     58312   14.00   45.00    0.00    0.00   59.00     8  vnetd

04:14:26 PM   UID       PID    %usr %system  %guest   %wait    %CPU   CPU  Command
04:14:27 PM     0     58310   10.00   45.00    0.00    0.00   55.00     8  vnetd
04:14:27 PM     0     58312   14.00   43.00    0.00    0.00   57.00     7  vnetd

04:14:27 PM   UID       PID    %usr %system  %guest   %wait    %CPU   CPU  Command
04:14:28 PM     0     58310   10.00   45.00    0.00    1.00   55.00    12  vnetd
04:14:28 PM     0     58312   17.00   42.00    0.00    1.00   59.00     7  vnetd

04:14:28 PM   UID       PID    %usr %system  %guest   %wait    %CPU   CPU  Command
04:14:29 PM     0     58310    9.00   45.00    0.00    0.00   54.00    10  vnetd
04:14:29 PM     0     58312   14.00   44.00    0.00    0.00   58.00     8  vnetd
