-----------------------------------------------------------
Server listening on 5201 (test #1)
-----------------------------------------------------------
Accepted connection from 192.168.2.1, port 51060
[  5] local 192.168.2.2 port 5201 connected to 192.168.2.1 port 37022
[ ID] Interval           Transfer     Bitrate         Jitter    Lost/Total Datagrams
[  5]   0.00-1.00   sec  71.4 MBytes   599 Mbits/sec  0.007 ms  197/146473 (0.13%)  
[  5]   1.00-2.00   sec  71.1 MBytes   596 Mbits/sec  0.006 ms  624/146200 (0.43%)  
[  5]   2.00-3.00   sec  71.2 MBytes   597 Mbits/sec  0.008 ms  958/146699 (0.65%)  
[  5]   3.00-4.00   sec  70.0 MBytes   587 Mbits/sec  0.009 ms  2643/146061 (1.8%)  
[  5]   4.00-5.00   sec  69.4 MBytes   582 Mbits/sec  0.010 ms  4275/146424 (2.9%)  
[  5]   5.00-6.00   sec  68.9 MBytes   578 Mbits/sec  0.007 ms  5486/146573 (3.7%)  
[  5]   6.00-7.00   sec  68.6 MBytes   576 Mbits/sec  0.010 ms  5847/146370 (4%)  
[  5]   7.00-8.00   sec  69.3 MBytes   581 Mbits/sec  0.008 ms  4687/146639 (3.2%)  
[  5]   8.00-9.00   sec  68.6 MBytes   575 Mbits/sec  0.009 ms  5873/146314 (4%)  
[  5]   9.00-10.00  sec  70.1 MBytes   588 Mbits/sec  0.010 ms  2944/146531 (2%)  
[  5]  10.00-11.00  sec  70.3 MBytes   590 Mbits/sec  0.008 ms  2981/147032 (2%)  
[  5]  11.00-12.00  sec  70.1 MBytes   588 Mbits/sec  0.009 ms  2710/146327 (1.9%)  
[  5]  12.00-13.00  sec  71.1 MBytes   597 Mbits/sec  0.010 ms  746/146418 (0.51%)  
[  5]  13.00-14.00  sec  69.3 MBytes   582 Mbits/sec  0.004 ms  4561/146527 (3.1%)  
[  5]  14.00-15.00  sec  69.8 MBytes   586 Mbits/sec  0.008 ms  3297/146306 (2.3%)  
[  5]  15.00-16.00  sec  69.9 MBytes   586 Mbits/sec  0.008 ms  3331/146412 (2.3%)  
[  5]  16.00-17.00  sec  69.6 MBytes   584 Mbits/sec  0.007 ms  4405/146917 (3%)  
[  5]  17.00-18.00  sec  69.8 MBytes   585 Mbits/sec  0.010 ms  3062/145989 (2.1%)  
[  5]  18.00-19.00  sec  70.5 MBytes   591 Mbits/sec  0.010 ms  2555/146890 (1.7%)  
[  5]  19.00-20.00  sec  70.2 MBytes   589 Mbits/sec  0.009 ms  2419/146251 (1.7%)  
[  5]  20.00-21.00  sec  69.0 MBytes   578 Mbits/sec  0.008 ms  5354/146632 (3.7%)  
[  5]  21.00-22.00  sec  70.3 MBytes   590 Mbits/sec  0.008 ms  2738/146626 (1.9%)  
[  5]  22.00-23.00  sec  70.8 MBytes   594 Mbits/sec  0.009 ms  1428/146428 (0.98%)  
[  5]  23.00-24.00  sec  68.7 MBytes   576 Mbits/sec  0.009 ms  5626/146276 (3.8%)  
[  5]  24.00-25.00  sec  70.3 MBytes   589 Mbits/sec  0.008 ms  2719/146611 (1.9%)  
[  5]  25.00-26.00  sec  71.2 MBytes   597 Mbits/sec  0.009 ms  1007/146772 (0.69%)  
[  5]  26.00-27.00  sec  69.6 MBytes   584 Mbits/sec  0.012 ms  3322/145825 (2.3%)  
[  5]  27.00-28.00  sec  70.5 MBytes   592 Mbits/sec  0.009 ms  2595/147026 (1.8%)  
[  5]  28.00-29.00  sec  67.6 MBytes   567 Mbits/sec  0.008 ms  8053/146413 (5.5%)  
[  5]  29.00-30.00  sec  71.0 MBytes   595 Mbits/sec  0.008 ms  909/146282 (0.62%)  
[  5]  30.00-30.00  sec   212 KBytes   599 Mbits/sec  0.004 ms  0/425 (0%)  
- - - - - - - - - - - - - - - - - - - - - - - - -
[ ID] Interval           Transfer     Bitrate         Jitter    Lost/Total Datagrams
[  5]   0.00-30.00  sec  2.05 GBytes   587 Mbits/sec  0.004 ms  97352/4394669 (2.2%)  receiver
