-----------------------------------------------------------
Server listening on 5201 (test #1)
-----------------------------------------------------------
Accepted connection from 192.168.2.1, port 33670
[  5] local 192.168.2.2 port 5201 connected to 192.168.2.1 port 33684
[  8] local 192.168.2.2 port 5201 connected to 192.168.2.1 port 33700
[ 10] local 192.168.2.2 port 5201 connected to 192.168.2.1 port 33704
[ 12] local 192.168.2.2 port 5201 connected to 192.168.2.1 port 33708
[ ID] Interval           Transfer     Bitrate
[  5]   0.00-1.00   sec  29.2 MBytes   245 Mbits/sec                  
[  8]   0.00-1.00   sec  20.6 MBytes   173 Mbits/sec                  
[ 10]   0.00-1.00   sec  18.2 MBytes   153 Mbits/sec                  
[ 12]   0.00-1.00   sec  33.6 MBytes   282 Mbits/sec                  
[SUM]   0.00-1.00   sec   102 MBytes   853 Mbits/sec                  
- - - - - - - - - - - - - - - - - - - - - - - - -
[  5]   1.00-2.00   sec  19.9 MBytes   167 Mbits/sec                  
[  8]   1.00-2.00   sec  28.8 MBytes   241 Mbits/sec                  
[ 10]   1.00-2.00   sec  29.9 MBytes   250 Mbits/sec                  
[ 12]   1.00-2.00   sec  26.2 MBytes   220 Mbits/sec                  
[SUM]   1.00-2.00   sec   105 MBytes   878 Mbits/sec                  
- - - - - - - - - - - - - - - - - - - - - - - - -
[  5]   2.00-3.00   sec  28.8 MBytes   241 Mbits/sec                  
[  8]   2.00-3.00   sec  24.9 MBytes   209 Mbits/sec                  
[ 10]   2.00-3.00   sec  25.9 MBytes   217 Mbits/sec                  
[ 12]   2.00-3.00   sec  19.0 MBytes   160 Mbits/sec                  
[SUM]   2.00-3.00   sec  98.5 MBytes   827 Mbits/sec                  
- - - - - - - - - - - - - - - - - - - - - - - - -
[  5]   3.00-4.00   sec  25.0 MBytes   210 Mbits/sec                  
[  8]   3.00-4.00   sec  27.2 MBytes   229 Mbits/sec                  
[ 10]   3.00-4.00   sec  21.2 MBytes   178 Mbits/sec                  
[ 12]   3.00-4.00   sec  24.6 MBytes   207 Mbits/sec                  
[SUM]   3.00-4.00   sec  98.1 MBytes   823 Mbits/sec                  
- - - - - - - - - - - - - - - - - - - - - - - - -
[  5]   4.00-5.00   sec  21.8 MBytes   182 Mbits/sec                  
[  8]   4.00-5.00   sec  32.1 MBytes   269 Mbits/sec                  
[ 10]   4.00-5.00   sec  22.5 MBytes   189 Mbits/sec                  
[ 12]   4.00-5.00   sec  21.5 MBytes   180 Mbits/sec                  
[SUM]   4.00-5.00   sec  97.9 MBytes   821 Mbits/sec                  
- - - - - - - - - - - - - - - - - - - - - - - - -
[  5]   5.00-6.00   sec  25.5 MBytes   214 Mbits/sec                  
[  8]   5.00-6.00   sec  27.2 MBytes   229 Mbits/sec                  
[ 10]   5.00-6.00   sec  21.6 MBytes   181 Mbits/sec                  
[ 12]   5.00-6.00   sec  24.9 MBytes   209 Mbits/sec                  
[SUM]   5.00-6.00   sec  99.2 MBytes   833 Mbits/sec                  
- - - - - - - - - - - - - - - - - - - - - - - - -
[  5]   6.00-7.00   sec  27.4 MBytes   230 Mbits/sec                  
[  8]   6.00-7.00   sec  20.4 MBytes   171 Mbits/sec                  
[ 10]   6.00-7.00   sec  24.2 MBytes   203 Mbits/sec                  
[ 12]   6.00-7.00   sec  26.0 MBytes   218 Mbits/sec                  
[SUM]   6.00-7.00   sec  98.0 MBytes   822 Mbits/sec                  
- - - - - - - - - - - - - - - - - - - - - - - - -
[  5]   7.00-8.00   sec  21.8 MBytes   182 Mbits/sec                  
[  8]   7.00-8.00   sec  19.4 MBytes   162 Mbits/sec                  
[ 10]   7.00-8.00   sec  21.8 MBytes   182 Mbits/sec                  
[ 12]   7.00-8.00   sec  36.2 MBytes   304 Mbits/sec                  
[SUM]   7.00-8.00   sec  99.1 MBytes   831 Mbits/sec                  
- - - - - - - - - - - - - - - - - - - - - - - - -
[  5]   8.00-9.00   sec  24.0 MBytes   201 Mbits/sec                  
[  8]   8.00-9.00   sec  24.9 MBytes   209 Mbits/sec                  
[ 10]   8.00-9.00   sec  20.6 MBytes   173 Mbits/sec                  
[ 12]   8.00-9.00   sec  29.1 MBytes   244 Mbits/sec                  
[SUM]   8.00-9.00   sec  98.6 MBytes   828 Mbits/sec                  
- - - - - - - - - - - - - - - - - - - - - - - - -
[  5]   9.00-10.00  sec  33.4 MBytes   280 Mbits/sec                  
[  8]   9.00-10.00  sec  23.1 MBytes   194 Mbits/sec                  
[ 10]   9.00-10.00  sec  19.2 MBytes   161 Mbits/sec                  
[ 12]   9.00-10.00  sec  22.5 MBytes   189 Mbits/sec                  
[SUM]   9.00-10.00  sec  98.2 MBytes   824 Mbits/sec                  
- - - - - - - - - - - - - - - - - - - - - - - - -
[  5]  10.00-11.00  sec  31.8 MBytes   266 Mbits/sec                  
[  8]  10.00-11.00  sec  21.8 MBytes   182 Mbits/sec                  
[ 10]  10.00-11.00  sec  23.5 MBytes   197 Mbits/sec                  
[ 12]  10.00-11.00  sec  20.0 MBytes   168 Mbits/sec                  
[SUM]  10.00-11.00  sec  97.0 MBytes   814 Mbits/sec                  
- - - - - - - - - - - - - - - - - - - - - - - - -
[  5]  11.00-12.00  sec  31.1 MBytes   261 Mbits/sec                  
[  8]  11.00-12.00  sec  27.5 MBytes   231 Mbits/sec                  
[ 10]  11.00-12.00  sec  21.2 MBytes   178 Mbits/sec                  
[ 12]  11.00-12.00  sec  20.0 MBytes   168 Mbits/sec                  
[SUM]  11.00-12.00  sec  99.9 MBytes   838 Mbits/sec                  
- - - - - - - - - - - - - - - - - - - - - - - - -
[  5]  12.00-13.00  sec  18.6 MBytes   156 Mbits/sec                  
[  8]  12.00-13.00  sec  35.2 MBytes   296 Mbits/sec                  
[ 10]  12.00-13.00  sec  24.4 MBytes   205 Mbits/sec                  
[ 12]  12.00-13.00  sec  20.6 MBytes   173 Mbits/sec                  
[SUM]  12.00-13.00  sec  98.9 MBytes   830 Mbits/sec                  
- - - - - - - - - - - - - - - - - - - - - - - - -
[  5]  13.00-14.00  sec  21.8 MBytes   182 Mbits/sec                  
[  8]  13.00-14.00  sec  28.1 MBytes   236 Mbits/sec                  
[ 10]  13.00-14.00  sec  26.8 MBytes   224 Mbits/sec                  
[ 12]  13.00-14.00  sec  23.0 MBytes   193 Mbits/sec                  
[SUM]  13.00-14.00  sec  99.6 MBytes   836 Mbits/sec                  
- - - - - - - - - - - - - - - - - - - - - - - - -
[  5]  14.00-15.00  sec  37.0 MBytes   310 Mbits/sec                  
[  8]  14.00-15.00  sec  24.9 MBytes   209 Mbits/sec                  
[ 10]  14.00-15.00  sec  16.0 MBytes   134 Mbits/sec                  
[ 12]  14.00-15.00  sec  21.8 MBytes   182 Mbits/sec                  
[SUM]  14.00-15.00  sec  99.6 MBytes   836 Mbits/sec                  
- - - - - - - - - - - - - - - - - - - - - - - - -
[  5]  15.00-16.00  sec  36.4 MBytes   305 Mbits/sec                  
[  8]  15.00-16.00  sec  27.9 MBytes   234 Mbits/sec                  
[ 10]  15.00-16.00  sec  16.4 MBytes   137 Mbits/sec                  
[ 12]  15.00-16.00  sec  16.4 MBytes   137 Mbits/sec                  
[SUM]  15.00-16.00  sec  97.0 MBytes   814 Mbits/sec                  
- - - - - - - - - - - - - - - - - - - - - - - - -
[  5]  16.00-17.00  sec  39.4 MBytes   330 Mbits/sec                  
[  8]  16.00-17.00  sec  17.2 MBytes   145 Mbits/sec                  
[ 10]  16.00-17.00  sec  16.0 MBytes   134 Mbits/sec                  
[ 12]  16.00-17.00  sec  25.2 MBytes   212 Mbits/sec                  
[SUM]  16.00-17.00  sec  97.9 MBytes   821 Mbits/sec                  
- - - - - - - - - - - - - - - - - - - - - - - - -
[  5]  17.00-18.00  sec  36.0 MBytes   302 Mbits/sec                  
[  8]  17.00-18.00  sec  16.9 MBytes   142 Mbits/sec                  
[ 10]  17.00-18.00  sec  20.4 MBytes   171 Mbits/sec                  
[ 12]  17.00-18.00  sec  25.4 MBytes   213 Mbits/sec                  
[SUM]  17.00-18.00  sec  98.6 MBytes   827 Mbits/sec                  
- - - - - - - - - - - - - - - - - - - - - - - - -
[  5]  18.00-19.00  sec  31.4 MBytes   263 Mbits/sec                  
[  8]  18.00-19.00  sec  24.8 MBytes   208 Mbits/sec                  
[ 10]  18.00-19.00  sec  26.2 MBytes   220 Mbits/sec                  
[ 12]  18.00-19.00  sec  17.2 MBytes   145 Mbits/sec                  
[SUM]  18.00-19.00  sec  99.6 MBytes   836 Mbits/sec                  
- - - - - - - - - - - - - - - - - - - - - - - - -
[  5]  19.00-20.00  sec  25.0 MBytes   210 Mbits/sec                  
[  8]  19.00-20.00  sec  34.1 MBytes   286 Mbits/sec                  
[ 10]  19.00-20.00  sec  22.1 MBytes   186 Mbits/sec                  
[ 12]  19.00-20.00  sec  17.2 MBytes   145 Mbits/sec                  
[SUM]  19.00-20.00  sec  98.5 MBytes   826 Mbits/sec                  
- - - - - - - - - - - - - - - - - - - - - - - - -
[  5]  20.00-21.00  sec  19.4 MBytes   163 Mbits/sec                  
[  8]  20.00-21.00  sec  31.8 MBytes   266 Mbits/sec                  
[ 10]  20.00-21.00  sec  31.1 MBytes   261 Mbits/sec                  
[ 12]  20.00-21.00  sec  15.8 MBytes   132 Mbits/sec                  
[SUM]  20.00-21.00  sec  98.0 MBytes   822 Mbits/sec                  
- - - - - - - - - - - - - - - - - - - - - - - - -
[  5]  21.00-22.00  sec  18.2 MBytes   153 Mbits/sec                  
[  8]  21.00-22.00  sec  27.8 MBytes   233 Mbits/sec                  
[ 10]  21.00-22.00  sec  28.8 MBytes   241 Mbits/sec                  
[ 12]  21.00-22.00  sec  23.1 MBytes   194 Mbits/sec                  
[SUM]  21.00-22.00  sec  97.9 MBytes   821 Mbits/sec                  
- - - - - - - - - - - - - - - - - - - - - - - - -
[  5]  22.00-23.00  sec  22.4 MBytes   188 Mbits/sec                  
[  8]  22.00-23.00  sec  22.4 MBytes   188 Mbits/sec                  
[ 10]  22.00-23.00  sec  24.1 MBytes   202 Mbits/sec                  
[ 12]  22.00-23.00  sec  30.5 MBytes   256 Mbits/sec                  
[SUM]  22.00-23.00  sec  99.4 MBytes   834 Mbits/sec                  
- - - - - - - - - - - - - - - - - - - - - - - - -
[  5]  23.00-24.00  sec  20.2 MBytes   170 Mbits/sec                  
[  8]  23.00-24.00  sec  25.8 MBytes   216 Mbits/sec                  
[ 10]  23.00-24.00  sec  30.5 MBytes   256 Mbits/sec                  
[ 12]  23.00-24.00  sec  21.8 MBytes   182 Mbits/sec                  
[SUM]  23.00-24.00  sec  98.2 MBytes   824 Mbits/sec                  
- - - - - - - - - - - - - - - - - - - - - - - - -
[  5]  24.00-25.00  sec  18.2 MBytes   153 Mbits/sec                  
[  8]  24.00-25.00  sec  35.1 MBytes   295 Mbits/sec                  
[ 10]  24.00-25.00  sec  26.0 MBytes   218 Mbits/sec                  
[ 12]  24.00-25.00  sec  17.9 MBytes   150 Mbits/sec                  
[SUM]  24.00-25.00  sec  97.2 MBytes   816 Mbits/sec                  
- - - - - - - - - - - - - - - - - - - - - - - - -
[  5]  25.00-26.00  sec  23.5 MBytes   197 Mbits/sec                  
[  8]  25.00-26.00  sec  27.1 MBytes   228 Mbits/sec                  
[ 10]  25.00-26.00  sec  20.8 MBytes   174 Mbits/sec                  
[ 12]  25.00-26.00  sec  24.9 MBytes   209 Mbits/sec                  
[SUM]  25.00-26.00  sec  96.2 MBytes   807 Mbits/sec                  
- - - - - - - - - - - - - - - - - - - - - - - - -
[  5]  26.00-27.00  sec  26.5 MBytes   222 Mbits/sec                  
[  8]  26.00-27.00  sec  26.0 MBytes   218 Mbits/sec                  
[ 10]  26.00-27.00  sec  21.4 MBytes   179 Mbits/sec                  
[ 12]  26.00-27.00  sec  23.0 MBytes   193 Mbits/sec                  
[SUM]  26.00-27.00  sec  96.9 MBytes   812 Mbits/sec                  
- - - - - - - - - - - - - - - - - - - - - - - - -
[  5]  27.00-28.00  sec  34.0 MBytes   285 Mbits/sec                  
[  8]  27.00-28.00  sec  25.1 MBytes   211 Mbits/sec                  
[ 10]  27.00-28.00  sec  20.8 MBytes   174 Mbits/sec                  
[ 12]  27.00-28.00  sec  17.9 MBytes   150 Mbits/sec                  
[SUM]  27.00-28.00  sec  97.8 MBytes   821 Mbits/sec                  
- - - - - - - - - - - - - - - - - - - - - - - - -
[  5]  28.00-29.00  sec  36.6 MBytes   307 Mbits/sec                  
[  8]  28.00-29.00  sec  26.4 MBytes   221 Mbits/sec                  
[ 10]  28.00-29.00  sec  20.2 MBytes   170 Mbits/sec                  
[ 12]  28.00-29.00  sec  14.8 MBytes   124 Mbits/sec                  
[SUM]  28.00-29.00  sec  98.0 MBytes   822 Mbits/sec                  
- - - - - - - - - - - - - - - - - - - - - - - - -
[  5]  29.00-30.00  sec  33.2 MBytes   279 Mbits/sec                  
[  8]  29.00-30.00  sec  18.4 MBytes   154 Mbits/sec                  
[ 10]  29.00-30.00  sec  26.5 MBytes   222 Mbits/sec                  
[ 12]  29.00-30.00  sec  21.2 MBytes   178 Mbits/sec                  
[SUM]  29.00-30.00  sec  99.4 MBytes   834 Mbits/sec                  
- - - - - - - - - - - - - - - - - - - - - - - - -
[  5]  30.00-30.01  sec   128 KBytes   162 Mbits/sec                  
[  8]  30.00-30.01  sec   128 KBytes   162 Mbits/sec                  
[ 10]  30.00-30.01  sec   256 KBytes   324 Mbits/sec                  
[ 12]  30.00-30.01  sec   128 KBytes   162 Mbits/sec                  
[SUM]  30.00-30.01  sec   640 KBytes   808 Mbits/sec                  
- - - - - - - - - - - - - - - - - - - - - - - - -
[ ID] Interval           Transfer     Bitrate
[  5]   0.00-30.01  sec   818 MBytes   229 Mbits/sec                  receiver
[  8]   0.00-30.01  sec   773 MBytes   216 Mbits/sec                  receiver
[ 10]   0.00-30.01  sec   689 MBytes   193 Mbits/sec                  receiver
[ 12]   0.00-30.01  sec   682 MBytes   191 Mbits/sec                  receiver
[SUM]   0.00-30.01  sec  2.89 GBytes   828 Mbits/sec                  receiver
