-----------------------------------------------------------
Server listening on 5201 (test #1)
-----------------------------------------------------------
Accepted connection from 192.168.2.1, port 36096
[  5] local 192.168.2.2 port 5201 connected to 192.168.2.1 port 36100
[ ID] Interval           Transfer     Bitrate
[  5]   0.00-1.00   sec   109 MBytes   914 Mbits/sec                  
[  5]   1.00-2.00   sec   106 MBytes   890 Mbits/sec                  
[  5]   2.00-3.00   sec   101 MBytes   846 Mbits/sec                  
[  5]   3.00-4.00   sec   103 MBytes   864 Mbits/sec                  
[  5]   4.00-5.00   sec   102 MBytes   851 Mbits/sec                  
[  5]   5.00-6.00   sec   103 MBytes   861 Mbits/sec                  
[  5]   6.00-7.00   sec   103 MBytes   861 Mbits/sec                  
[  5]   7.00-8.00   sec   103 MBytes   861 Mbits/sec                  
[  5]   8.00-9.00   sec   103 MBytes   866 Mbits/sec                  
[  5]   9.00-10.00  sec   102 MBytes   859 Mbits/sec                  
[  5]  10.00-11.00  sec   104 MBytes   868 Mbits/sec                  
[  5]  11.00-12.00  sec   102 MBytes   857 Mbits/sec                  
[  5]  12.00-13.00  sec   104 MBytes   872 Mbits/sec                  
[  5]  13.00-14.00  sec   104 MBytes   869 Mbits/sec                  
[  5]  14.00-15.00  sec   103 MBytes   861 Mbits/sec                  
[  5]  15.00-16.00  sec   103 MBytes   862 Mbits/sec                  
[  5]  16.00-17.00  sec   103 MBytes   863 Mbits/sec                  
[  5]  17.00-18.00  sec   104 MBytes   873 Mbits/sec                  
[  5]  18.00-19.00  sec   104 MBytes   869 Mbits/sec                  
[  5]  19.00-20.00  sec   108 MBytes   903 Mbits/sec                  
[  5]  20.00-21.00  sec   105 MBytes   884 Mbits/sec                  
[  5]  21.00-22.00  sec   108 MBytes   906 Mbits/sec                  
[  5]  22.00-23.00  sec   108 MBytes   910 Mbits/sec                  
[  5]  23.00-24.00  sec   108 MBytes   908 Mbits/sec                  
[  5]  24.00-25.00  sec   107 MBytes   900 Mbits/sec                  
[  5]  25.00-26.00  sec   108 MBytes   908 Mbits/sec                  
[  5]  26.00-27.00  sec   107 MBytes   898 Mbits/sec                  
[  5]  27.00-28.00  sec   108 MBytes   905 Mbits/sec                  
[  5]  28.00-29.00  sec   107 MBytes   900 Mbits/sec                  
[  5]  29.00-30.00  sec   105 MBytes   881 Mbits/sec                  
[  5]  30.00-30.01  sec   512 KBytes  1.01 Gbits/sec                  
- - - - - - - - - - - - - - - - - - - - - - - - -
[ ID] Interval           Transfer     Bitrate
[  5]   0.00-30.01  sec  3.07 GBytes   879 Mbits/sec                  receiver
