-----------------------------------------------------------
Server listening on 5201 (test #1)
-----------------------------------------------------------
Accepted connection from 192.168.2.1, port 41474
[  5] local 192.168.2.2 port 5201 connected to 192.168.2.1 port 41490
[  8] local 192.168.2.2 port 5201 connected to 192.168.2.1 port 41498
[ 10] local 192.168.2.2 port 5201 connected to 192.168.2.1 port 41510
[ 12] local 192.168.2.2 port 5201 connected to 192.168.2.1 port 41520
[ 14] local 192.168.2.2 port 5201 connected to 192.168.2.1 port 41528
[ 16] local 192.168.2.2 port 5201 connected to 192.168.2.1 port 41534
[ 18] local 192.168.2.2 port 5201 connected to 192.168.2.1 port 41544
[ 20] local 192.168.2.2 port 5201 connected to 192.168.2.1 port 41550
[ ID] Interval           Transfer     Bitrate
[  5]   0.00-1.00   sec  10.5 MBytes  88.1 Mbits/sec                  
[  8]   0.00-1.00   sec  14.4 MBytes   121 Mbits/sec                  
[ 10]   0.00-1.00   sec  19.2 MBytes   161 Mbits/sec                  
[ 12]   0.00-1.00   sec  16.2 MBytes   136 Mbits/sec                  
[ 14]   0.00-1.00   sec  10.1 MBytes  84.9 Mbits/sec                  
[ 16]   0.00-1.00   sec  10.9 MBytes  91.2 Mbits/sec                  
[ 18]   0.00-1.00   sec  10.2 MBytes  86.0 Mbits/sec                  
[ 20]   0.00-1.00   sec  14.8 MBytes   124 Mbits/sec                  
[SUM]   0.00-1.00   sec   106 MBytes   892 Mbits/sec                  
- - - - - - - - - - - - - - - - - - - - - - - - -
[  5]   1.00-2.00   sec  11.9 MBytes  99.6 Mbits/sec                  
[  8]   1.00-2.00   sec  9.12 MBytes  76.5 Mbits/sec                  
[ 10]   1.00-2.00   sec  15.9 MBytes   133 Mbits/sec                  
[ 12]   1.00-2.00   sec  18.9 MBytes   158 Mbits/sec                  
[ 14]   1.00-2.00   sec  12.0 MBytes   101 Mbits/sec                  
[ 16]   1.00-2.00   sec  12.0 MBytes   101 Mbits/sec                  
[ 18]   1.00-2.00   sec  9.62 MBytes  80.7 Mbits/sec                  
[ 20]   1.00-2.00   sec  17.1 MBytes   144 Mbits/sec                  
[SUM]   1.00-2.00   sec   106 MBytes   893 Mbits/sec                  
- - - - - - - - - - - - - - - - - - - - - - - - -
[  5]   2.00-3.00   sec  13.2 MBytes   111 Mbits/sec                  
[  8]   2.00-3.00   sec  16.0 MBytes   134 Mbits/sec                  
[ 10]   2.00-3.00   sec  14.9 MBytes   125 Mbits/sec                  
[ 12]   2.00-3.00   sec  9.62 MBytes  80.7 Mbits/sec                  
[ 14]   2.00-3.00   sec  14.1 MBytes   118 Mbits/sec                  
[ 16]   2.00-3.00   sec  7.75 MBytes  65.0 Mbits/sec                  
[ 18]   2.00-3.00   sec  9.25 MBytes  77.6 Mbits/sec                  
[ 20]   2.00-3.00   sec  12.9 MBytes   108 Mbits/sec                  
[SUM]   2.00-3.00   sec  97.8 MBytes   820 Mbits/sec                  
- - - - - - - - - - - - - - - - - - - - - - - - -
[  5]   3.00-4.00   sec  10.9 MBytes  91.2 Mbits/sec                  
[  8]   3.00-4.00   sec  15.4 MBytes   129 Mbits/sec                  
[ 10]   3.00-4.00   sec  14.4 MBytes   121 Mbits/sec                  
[ 12]   3.00-4.00   sec  10.0 MBytes  83.9 Mbits/sec                  
[ 14]   3.00-4.00   sec  15.6 MBytes   131 Mbits/sec                  
[ 16]   3.00-4.00   sec  10.8 MBytes  90.2 Mbits/sec                  
[ 18]   3.00-4.00   sec  8.88 MBytes  74.4 Mbits/sec                  
[ 20]   3.00-4.00   sec  10.5 MBytes  88.1 Mbits/sec                  
[SUM]   3.00-4.00   sec  96.4 MBytes   808 Mbits/sec                  
- - - - - - - - - - - - - - - - - - - - - - - - -
[  5]   4.00-5.00   sec  14.4 MBytes   121 Mbits/sec                  
[  8]   4.00-5.00   sec  8.38 MBytes  70.3 Mbits/sec                  
[ 10]   4.00-5.00   sec  10.9 MBytes  91.2 Mbits/sec                  
[ 12]   4.00-5.00   sec  12.9 MBytes   108 Mbits/sec                  
[ 14]   4.00-5.00   sec  14.8 MBytes   124 Mbits/sec                  
[ 16]   4.00-5.00   sec  8.75 MBytes  73.4 Mbits/sec                  
[ 18]   4.00-5.00   sec  7.25 MBytes  60.8 Mbits/sec                  
[ 20]   4.00-5.00   sec  15.1 MBytes   127 Mbits/sec                  
[SUM]   4.00-5.00   sec  92.4 MBytes   775 Mbits/sec                  
- - - - - - - - - - - - - - - - - - - - - - - - -
[  5]   5.00-6.00   sec  14.9 MBytes   125 Mbits/sec                  
[  8]   5.00-6.00   sec  8.25 MBytes  69.2 Mbits/sec                  
[ 10]   5.00-6.00   sec  7.38 MBytes  61.9 Mbits/sec                  
[ 12]   5.00-6.00   sec  18.8 MBytes   157 Mbits/sec                  
[ 14]   5.00-6.00   sec  11.5 MBytes  96.5 Mbits/sec                  
[ 16]   5.00-6.00   sec  11.4 MBytes  95.4 Mbits/sec                  
[ 18]   5.00-6.00   sec  7.38 MBytes  61.9 Mbits/sec                  
[ 20]   5.00-6.00   sec  15.5 MBytes   130 Mbits/sec                  
[SUM]   5.00-6.00   sec  95.0 MBytes   797 Mbits/sec                  
- - - - - - - - - - - - - - - - - - - - - - - - -
[  5]   6.00-7.00   sec  11.4 MBytes  95.4 Mbits/sec                  
[  8]   6.00-7.00   sec  14.5 MBytes   122 Mbits/sec                  
[ 10]   6.00-7.00   sec  10.4 MBytes  87.0 Mbits/sec                  
[ 12]   6.00-7.00   sec  15.8 MBytes   132 Mbits/sec                  
[ 14]   6.00-7.00   sec  7.12 MBytes  59.8 Mbits/sec                  
[ 16]   6.00-7.00   sec  12.5 MBytes   105 Mbits/sec                  
[ 18]   6.00-7.00   sec  17.5 MBytes   147 Mbits/sec                  
[ 20]   6.00-7.00   sec  11.6 MBytes  97.5 Mbits/sec                  
[SUM]   6.00-7.00   sec   101 MBytes   845 Mbits/sec                  
- - - - - - - - - - - - - - - - - - - - - - - - -
[  5]   7.00-8.00   sec  13.2 MBytes   111 Mbits/sec                  
[  8]   7.00-8.00   sec  13.4 MBytes   112 Mbits/sec                  
[ 10]   7.00-8.00   sec  10.0 MBytes  83.9 Mbits/sec                  
[ 12]   7.00-8.00   sec  11.9 MBytes  99.6 Mbits/sec                  
[ 14]   7.00-8.00   sec  8.62 MBytes  72.4 Mbits/sec                  
[ 16]   7.00-8.00   sec  16.8 MBytes   141 Mbits/sec                  
[ 18]   7.00-8.00   sec  14.8 MBytes   124 Mbits/sec                  
[ 20]   7.00-8.00   sec  11.9 MBytes  99.6 Mbits/sec                  
[SUM]   7.00-8.00   sec   100 MBytes   843 Mbits/sec                  
- - - - - - - - - - - - - - - - - - - - - - - - -
[  5]   8.00-9.00   sec  10.6 MBytes  89.1 Mbits/sec                  
[  8]   8.00-9.00   sec  15.0 MBytes   126 Mbits/sec                  
[ 10]   8.00-9.00   sec  11.9 MBytes  99.6 Mbits/sec                  
[ 12]   8.00-9.00   sec  15.0 MBytes   126 Mbits/sec                  
[ 14]   8.00-9.00   sec  9.75 MBytes  81.8 Mbits/sec                  
[ 16]   8.00-9.00   sec  14.1 MBytes   118 Mbits/sec                  
[ 18]   8.00-9.00   sec  13.6 MBytes   114 Mbits/sec                  
[ 20]   8.00-9.00   sec  8.50 MBytes  71.3 Mbits/sec                  
[SUM]   8.00-9.00   sec  98.5 MBytes   826 Mbits/sec                  
- - - - - - - - - - - - - - - - - - - - - - - - -
[  5]   9.00-10.00  sec  7.62 MBytes  64.0 Mbits/sec                  
[  8]   9.00-10.00  sec  13.1 MBytes   110 Mbits/sec                  
[ 10]   9.00-10.00  sec  14.4 MBytes   121 Mbits/sec                  
[ 12]   9.00-10.00  sec  9.62 MBytes  80.7 Mbits/sec                  
[ 14]   9.00-10.00  sec  8.25 MBytes  69.2 Mbits/sec                  
[ 16]   9.00-10.00  sec  11.1 MBytes  93.3 Mbits/sec                  
[ 18]   9.00-10.00  sec  21.8 MBytes   182 Mbits/sec                  
[ 20]   9.00-10.00  sec  11.9 MBytes  99.6 Mbits/sec                  
[SUM]   9.00-10.00  sec  97.8 MBytes   820 Mbits/sec                  
- - - - - - - - - - - - - - - - - - - - - - - - -
[  5]  10.00-11.00  sec  9.75 MBytes  81.8 Mbits/sec                  
[  8]  10.00-11.00  sec  14.9 MBytes   125 Mbits/sec                  
[ 10]  10.00-11.00  sec  12.0 MBytes   101 Mbits/sec                  
[ 12]  10.00-11.00  sec  9.62 MBytes  80.7 Mbits/sec                  
[ 14]  10.00-11.00  sec  11.8 MBytes  98.6 Mbits/sec                  
[ 16]  10.00-11.00  sec  9.50 MBytes  79.7 Mbits/sec                  
[ 18]  10.00-11.00  sec  15.6 MBytes   131 Mbits/sec                  
[ 20]  10.00-11.00  sec  17.0 MBytes   143 Mbits/sec                  
[SUM]  10.00-11.00  sec   100 MBytes   840 Mbits/sec                  
- - - - - - - - - - - - - - - - - - - - - - - - -
[  5]  11.00-12.00  sec  11.6 MBytes  97.5 Mbits/sec                  
[  8]  11.00-12.00  sec  7.88 MBytes  66.1 Mbits/sec                  
[ 10]  11.00-12.00  sec  16.8 MBytes   141 Mbits/sec                  
[ 12]  11.00-12.00  sec  7.38 MBytes  61.9 Mbits/sec                  
[ 14]  11.00-12.00  sec  14.5 MBytes   122 Mbits/sec                  
[ 16]  11.00-12.00  sec  13.4 MBytes   112 Mbits/sec                  
[ 18]  11.00-12.00  sec  9.12 MBytes  76.5 Mbits/sec                  
[ 20]  11.00-12.00  sec  19.2 MBytes   161 Mbits/sec                  
[SUM]  11.00-12.00  sec  99.9 MBytes   838 Mbits/sec                  
- - - - - - - - - - - - - - - - - - - - - - - - -
[  5]  12.00-13.00  sec  16.5 MBytes   138 Mbits/sec                  
[  8]  12.00-13.00  sec  11.0 MBytes  92.3 Mbits/sec                  
[ 10]  12.00-13.00  sec  13.0 MBytes   109 Mbits/sec                  
[ 12]  12.00-13.00  sec  11.9 MBytes  99.6 Mbits/sec                  
[ 14]  12.00-13.00  sec  12.6 MBytes   106 Mbits/sec                  
[ 16]  12.00-13.00  sec  11.6 MBytes  97.5 Mbits/sec                  
[ 18]  12.00-13.00  sec  11.8 MBytes  98.6 Mbits/sec                  
[ 20]  12.00-13.00  sec  11.9 MBytes  99.6 Mbits/sec                  
[SUM]  12.00-13.00  sec   100 MBytes   841 Mbits/sec                  
- - - - - - - - - - - - - - - - - - - - - - - - -
[  5]  13.00-14.00  sec  11.1 MBytes  93.3 Mbits/sec                  
[  8]  13.00-14.00  sec  8.62 MBytes  72.3 Mbits/sec                  
[ 10]  13.00-14.00  sec  13.1 MBytes   110 Mbits/sec                  
[ 12]  13.00-14.00  sec  9.12 MBytes  76.5 Mbits/sec                  
[ 14]  13.00-14.00  sec  9.38 MBytes  78.6 Mbits/sec                  
[ 16]  13.00-14.00  sec  19.4 MBytes   162 Mbits/sec                  
[ 18]  13.00-14.00  sec  11.4 MBytes  95.3 Mbits/sec                  
[ 20]  13.00-14.00  sec  17.4 MBytes   146 Mbits/sec                  
[SUM]  13.00-14.00  sec  99.5 MBytes   834 Mbits/sec                  
- - - - - - - - - - - - - - - - - - - - - - - - -
[  5]  14.00-15.00  sec  8.75 MBytes  73.5 Mbits/sec                  
[  8]  14.00-15.00  sec  10.5 MBytes  88.1 Mbits/sec                  
[ 10]  14.00-15.00  sec  11.5 MBytes  96.5 Mbits/sec                  
[ 12]  14.00-15.00  sec  16.6 MBytes   140 Mbits/sec                  
[ 14]  14.00-15.00  sec  12.5 MBytes   105 Mbits/sec                  
[ 16]  14.00-15.00  sec  18.8 MBytes   157 Mbits/sec                  
[ 18]  14.00-15.00  sec  10.2 MBytes  86.0 Mbits/sec                  
[ 20]  14.00-15.00  sec  11.1 MBytes  93.4 Mbits/sec                  
[SUM]  14.00-15.00  sec   100 MBytes   839 Mbits/sec                  
- - - - - - - - - - - - - - - - - - - - - - - - -
[  5]  15.00-16.00  sec  12.8 MBytes   107 Mbits/sec                  
[  8]  15.00-16.00  sec  10.6 MBytes  89.1 Mbits/sec                  
[ 10]  15.00-16.00  sec  17.4 MBytes   146 Mbits/sec                  
[ 12]  15.00-16.00  sec  13.0 MBytes   109 Mbits/sec                  
[ 14]  15.00-16.00  sec  13.1 MBytes   110 Mbits/sec                  
[ 16]  15.00-16.00  sec  11.6 MBytes  97.4 Mbits/sec                  
[ 18]  15.00-16.00  sec  10.2 MBytes  85.9 Mbits/sec                  
[ 20]  15.00-16.00  sec  12.9 MBytes   108 Mbits/sec                  
[SUM]  15.00-16.00  sec   102 MBytes   852 Mbits/sec                  
- - - - - - - - - - - - - - - - - - - - - - - - -
[  5]  16.00-17.00  sec  10.0 MBytes  83.9 Mbits/sec                  
[  8]  16.00-17.00  sec  9.00 MBytes  75.5 Mbits/sec                  
[ 10]  16.00-17.00  sec  16.5 MBytes   138 Mbits/sec                  
[ 12]  16.00-17.00  sec  16.0 MBytes   134 Mbits/sec                  
[ 14]  16.00-17.00  sec  15.5 MBytes   130 Mbits/sec                  
[ 16]  16.00-17.00  sec  12.4 MBytes   104 Mbits/sec                  
[ 18]  16.00-17.00  sec  8.88 MBytes  74.4 Mbits/sec                  
[ 20]  16.00-17.00  sec  13.4 MBytes   112 Mbits/sec                  
[SUM]  16.00-17.00  sec   102 MBytes   852 Mbits/sec                  
- - - - - - - - - - - - - - - - - - - - - - - - -
[  5]  17.00-18.00  sec  7.88 MBytes  66.1 Mbits/sec                  
[  8]  17.00-18.00  sec  11.1 MBytes  93.4 Mbits/sec                  
[ 10]  17.00-18.00  sec  19.0 MBytes   160 Mbits/sec                  
[ 12]  17.00-18.00  sec  18.9 MBytes   158 Mbits/sec                  
[ 14]  17.00-18.00  sec  11.4 MBytes  95.5 Mbits/sec                  
[ 16]  17.00-18.00  sec  9.75 MBytes  81.8 Mbits/sec                  
[ 18]  17.00-18.00  sec  12.9 MBytes   108 Mbits/sec                  
[ 20]  17.00-18.00  sec  9.88 MBytes  82.9 Mbits/sec                  
[SUM]  17.00-18.00  sec   101 MBytes   846 Mbits/sec                  
- - - - - - - - - - - - - - - - - - - - - - - - -
[  5]  18.00-19.00  sec  12.8 MBytes   107 Mbits/sec                  
[  8]  18.00-19.00  sec  13.5 MBytes   113 Mbits/sec                  
[ 10]  18.00-19.00  sec  14.8 MBytes   124 Mbits/sec                  
[ 12]  18.00-19.00  sec  14.4 MBytes   121 Mbits/sec                  
[ 14]  18.00-19.00  sec  11.4 MBytes  95.4 Mbits/sec                  
[ 16]  18.00-19.00  sec  12.9 MBytes   108 Mbits/sec                  
[ 18]  18.00-19.00  sec  8.75 MBytes  73.4 Mbits/sec                  
[ 20]  18.00-19.00  sec  11.8 MBytes  98.6 Mbits/sec                  
[SUM]  18.00-19.00  sec   100 MBytes   840 Mbits/sec                  
- - - - - - - - - - - - - - - - - - - - - - - - -
[  5]  19.00-20.00  sec  13.4 MBytes   112 Mbits/sec                  
[  8]  19.00-20.00  sec  11.4 MBytes  95.4 Mbits/sec                  
[ 10]  19.00-20.00  sec  11.2 MBytes  94.4 Mbits/sec                  
[ 12]  19.00-20.00  sec  18.2 MBytes   153 Mbits/sec                  
[ 14]  19.00-20.00  sec  12.2 MBytes   103 Mbits/sec                  
[ 16]  19.00-20.00  sec  14.0 MBytes   117 Mbits/sec                  
[ 18]  19.00-20.00  sec  8.88 MBytes  74.4 Mbits/sec                  
[ 20]  19.00-20.00  sec  9.12 MBytes  76.5 Mbits/sec                  
[SUM]  19.00-20.00  sec  98.5 MBytes   826 Mbits/sec                  
- - - - - - - - - - - - - - - - - - - - - - - - -
[  5]  20.00-21.00  sec  19.5 MBytes   164 Mbits/sec                  
[  8]  20.00-21.00  sec  14.1 MBytes   118 Mbits/sec                  
[ 10]  20.00-21.00  sec  8.38 MBytes  70.3 Mbits/sec                  
[ 12]  20.00-21.00  sec  16.9 MBytes   142 Mbits/sec                  
[ 14]  20.00-21.00  sec  11.6 MBytes  97.5 Mbits/sec                  
[ 16]  20.00-21.00  sec  9.38 MBytes  78.6 Mbits/sec                  
[ 18]  20.00-21.00  sec  8.38 MBytes  70.3 Mbits/sec                  
[ 20]  20.00-21.00  sec  9.50 MBytes  79.7 Mbits/sec                  
[SUM]  20.00-21.00  sec  97.8 MBytes   820 Mbits/sec                  
- - - - - - - - - - - - - - - - - - - - - - - - -
[  5]  21.00-22.00  sec  16.0 MBytes   134 Mbits/sec                  
[  8]  21.00-22.00  sec  15.9 MBytes   133 Mbits/sec                  
[ 10]  21.00-22.00  sec  6.38 MBytes  53.5 Mbits/sec                  
[ 12]  21.00-22.00  sec  17.9 MBytes   150 Mbits/sec                  
[ 14]  21.00-22.00  sec  11.4 MBytes  95.4 Mbits/sec                  
[ 16]  21.00-22.00  sec  14.9 MBytes   125 Mbits/sec                  
[ 18]  21.00-22.00  sec  6.00 MBytes  50.3 Mbits/sec                  
[ 20]  21.00-22.00  sec  12.5 MBytes   105 Mbits/sec                  
[SUM]  21.00-22.00  sec   101 MBytes   846 Mbits/sec                  
- - - - - - - - - - - - - - - - - - - - - - - - -
[  5]  22.00-23.00  sec  9.50 MBytes  79.6 Mbits/sec                  
[  8]  22.00-23.00  sec  15.5 MBytes   130 Mbits/sec                  
[ 10]  22.00-23.00  sec  7.75 MBytes  65.0 Mbits/sec                  
[ 12]  22.00-23.00  sec  13.4 MBytes   112 Mbits/sec                  
[ 14]  22.00-23.00  sec  13.1 MBytes   110 Mbits/sec                  
[ 16]  22.00-23.00  sec  11.8 MBytes  98.5 Mbits/sec                  
[ 18]  22.00-23.00  sec  8.25 MBytes  69.2 Mbits/sec                  
[ 20]  22.00-23.00  sec  21.1 MBytes   177 Mbits/sec                  
[SUM]  22.00-23.00  sec   100 MBytes   841 Mbits/sec                  
- - - - - - - - - - - - - - - - - - - - - - - - -
[  5]  23.00-24.00  sec  9.75 MBytes  81.8 Mbits/sec                  
[  8]  23.00-24.00  sec  13.8 MBytes   115 Mbits/sec                  
[ 10]  23.00-24.00  sec  10.4 MBytes  87.1 Mbits/sec                  
[ 12]  23.00-24.00  sec  15.9 MBytes   133 Mbits/sec                  
[ 14]  23.00-24.00  sec  14.0 MBytes   118 Mbits/sec                  
[ 16]  23.00-24.00  sec  9.88 MBytes  82.9 Mbits/sec                  
[ 18]  23.00-24.00  sec  12.8 MBytes   107 Mbits/sec                  
[ 20]  23.00-24.00  sec  13.9 MBytes   116 Mbits/sec                  
[SUM]  23.00-24.00  sec   100 MBytes   842 Mbits/sec                  
- - - - - - - - - - - - - - - - - - - - - - - - -
[  5]  24.00-25.00  sec  13.9 MBytes   116 Mbits/sec                  
[  8]  24.00-25.00  sec  11.6 MBytes  97.5 Mbits/sec                  
[ 10]  24.00-25.00  sec  12.8 MBytes   107 Mbits/sec                  
[ 12]  24.00-25.00  sec  16.6 MBytes   139 Mbits/sec                  
[ 14]  24.00-25.00  sec  14.8 MBytes   124 Mbits/sec                  
[ 16]  24.00-25.00  sec  8.88 MBytes  74.4 Mbits/sec                  
[ 18]  24.00-25.00  sec  11.5 MBytes  96.5 Mbits/sec                  
[ 20]  24.00-25.00  sec  11.5 MBytes  96.5 Mbits/sec                  
[SUM]  24.00-25.00  sec   102 MBytes   851 Mbits/sec                  
- - - - - - - - - - - - - - - - - - - - - - - - -
[  5]  25.00-26.00  sec  16.6 MBytes   139 Mbits/sec                  
[  8]  25.00-26.00  sec  8.00 MBytes  67.1 Mbits/sec                  
[ 10]  25.00-26.00  sec  9.38 MBytes  78.6 Mbits/sec                  
[ 12]  25.00-26.00  sec  13.6 MBytes   114 Mbits/sec                  
[ 14]  25.00-26.00  sec  14.4 MBytes   121 Mbits/sec                  
[ 16]  25.00-26.00  sec  12.2 MBytes   103 Mbits/sec                  
[ 18]  25.00-26.00  sec  11.1 MBytes  93.3 Mbits/sec                  
[ 20]  25.00-26.00  sec  16.9 MBytes   142 Mbits/sec                  
[SUM]  25.00-26.00  sec   102 MBytes   858 Mbits/sec                  
- - - - - - - - - - - - - - - - - - - - - - - - -
[  5]  26.00-27.00  sec  13.6 MBytes   114 Mbits/sec                  
[  8]  26.00-27.00  sec  13.0 MBytes   109 Mbits/sec                  
[ 10]  26.00-27.00  sec  7.50 MBytes  62.9 Mbits/sec                  
[ 12]  26.00-27.00  sec  13.5 MBytes   113 Mbits/sec                  
[ 14]  26.00-27.00  sec  10.0 MBytes  83.9 Mbits/sec                  
[ 16]  26.00-27.00  sec  12.6 MBytes   106 Mbits/sec                  
[ 18]  26.00-27.00  sec  12.5 MBytes   105 Mbits/sec                  
[ 20]  26.00-27.00  sec  17.0 MBytes   143 Mbits/sec                  
[SUM]  26.00-27.00  sec  99.8 MBytes   837 Mbits/sec                  
- - - - - - - - - - - - - - - - - - - - - - - - -
[  5]  27.00-28.00  sec  12.1 MBytes   102 Mbits/sec                  
[  8]  27.00-28.00  sec  10.1 MBytes  84.9 Mbits/sec                  
[ 10]  27.00-28.00  sec  9.75 MBytes  81.8 Mbits/sec                  
[ 12]  27.00-28.00  sec  11.6 MBytes  97.5 Mbits/sec                  
[ 14]  27.00-28.00  sec  8.75 MBytes  73.4 Mbits/sec                  
[ 16]  27.00-28.00  sec  10.6 MBytes  89.1 Mbits/sec                  
[ 18]  27.00-28.00  sec  23.1 MBytes   194 Mbits/sec                  
[ 20]  27.00-28.00  sec  14.0 MBytes   117 Mbits/sec                  
[SUM]  27.00-28.00  sec   100 MBytes   840 Mbits/sec                  
- - - - - - - - - - - - - - - - - - - - - - - - -
[  5]  28.00-29.00  sec  12.4 MBytes   104 Mbits/sec                  
[  8]  28.00-29.00  sec  12.6 MBytes   106 Mbits/sec                  
[ 10]  28.00-29.00  sec  10.1 MBytes  84.9 Mbits/sec                  
[ 12]  28.00-29.00  sec  16.4 MBytes   137 Mbits/sec                  
[ 14]  28.00-29.00  sec  9.38 MBytes  78.6 Mbits/sec                  
[ 16]  28.00-29.00  sec  8.12 MBytes  68.2 Mbits/sec                  
[ 18]  28.00-29.00  sec  20.6 MBytes   173 Mbits/sec                  
[ 20]  28.00-29.00  sec  11.9 MBytes  99.6 Mbits/sec                  
[SUM]  28.00-29.00  sec   102 MBytes   851 Mbits/sec                  
- - - - - - - - - - - - - - - - - - - - - - - - -
[  5]  29.00-30.00  sec  9.88 MBytes  82.8 Mbits/sec                  
[  8]  29.00-30.00  sec  15.2 MBytes   128 Mbits/sec                  
[ 10]  29.00-30.00  sec  11.1 MBytes  93.3 Mbits/sec                  
[ 12]  29.00-30.00  sec  15.1 MBytes   127 Mbits/sec                  
[ 14]  29.00-30.00  sec  10.8 MBytes  90.2 Mbits/sec                  
[ 16]  29.00-30.00  sec  10.5 MBytes  88.1 Mbits/sec                  
[ 18]  29.00-30.00  sec  19.4 MBytes   163 Mbits/sec                  
[ 20]  29.00-30.00  sec  8.88 MBytes  74.4 Mbits/sec                  
[SUM]  29.00-30.00  sec   101 MBytes   846 Mbits/sec                  
- - - - - - - - - - - - - - - - - - - - - - - - -
[  5]  30.00-30.01  sec  0.00 Bytes  0.00 bits/sec                  
[  8]  30.00-30.01  sec  0.00 Bytes  0.00 bits/sec                  
[ 10]  30.00-30.01  sec   128 KBytes   145 Mbits/sec                  
[ 12]  30.00-30.01  sec  0.00 Bytes  0.00 bits/sec                  
[ 14]  30.00-30.01  sec   128 KBytes   145 Mbits/sec                  
[ 16]  30.00-30.01  sec   128 KBytes   145 Mbits/sec                  
[ 18]  30.00-30.01  sec   128 KBytes   145 Mbits/sec                  
[ 20]  30.00-30.01  sec  0.00 Bytes  0.00 bits/sec                  
[SUM]  30.00-30.01  sec   512 KBytes   578 Mbits/sec                  
- - - - - - - - - - - - - - - - - - - - - - - - -
[ ID] Interval           Transfer     Bitrate
[  5]   0.00-30.01  sec   366 MBytes   102 Mbits/sec                  receiver
[  8]   0.00-30.01  sec   366 MBytes   102 Mbits/sec                  receiver
[ 10]   0.00-30.01  sec   368 MBytes   103 Mbits/sec                  receiver
[ 12]   0.00-30.01  sec   425 MBytes   119 Mbits/sec                  receiver
[ 14]   0.00-30.01  sec   354 MBytes  99.1 Mbits/sec                  receiver
[ 16]   0.00-30.01  sec   358 MBytes   100 Mbits/sec                  receiver
[ 18]   0.00-30.01  sec   362 MBytes   101 Mbits/sec                  receiver
[ 20]   0.00-30.01  sec   400 MBytes   112 Mbits/sec                  receiver
[SUM]   0.00-30.01  sec  2.93 GBytes   839 Mbits/sec                  receiver
