-----------------------------------------------------------
Server listening on 5201 (test #1)
-----------------------------------------------------------
Accepted connection from 192.168.2.1, port 50594
[  5] local 192.168.2.2 port 5201 connected to 192.168.2.1 port 40260
[ ID] Interval           Transfer     Bitrate         Jitter    Lost/Total Datagrams
[  5]   0.00-1.00   sec  74.7 MBytes   626 Mbits/sec  0.009 ms  90699/243614 (37%)  
[  5]   1.00-2.00   sec  74.5 MBytes   625 Mbits/sec  0.008 ms  91530/244130 (37%)  
[  5]   2.00-3.00   sec  69.8 MBytes   586 Mbits/sec  0.007 ms  101017/244069 (41%)  
[  5]   3.00-4.00   sec  69.4 MBytes   582 Mbits/sec  0.006 ms  102066/244123 (42%)  
[  5]   4.00-5.00   sec  68.0 MBytes   570 Mbits/sec  0.012 ms  104694/243960 (43%)  
[  5]   5.00-6.00   sec  68.4 MBytes   573 Mbits/sec  0.008 ms  104301/244301 (43%)  
[  5]   6.00-7.00   sec  68.2 MBytes   572 Mbits/sec  0.006 ms  104602/244183 (43%)  
[  5]   7.00-8.00   sec  67.8 MBytes   569 Mbits/sec  0.008 ms  105264/244150 (43%)  
[  5]   8.00-9.00   sec  68.1 MBytes   572 Mbits/sec  0.013 ms  104580/244147 (43%)  
[  5]   9.00-10.00  sec  68.4 MBytes   574 Mbits/sec  0.010 ms  103917/244039 (43%)  
[  5]  10.00-11.00  sec  67.7 MBytes   568 Mbits/sec  0.007 ms  105617/244236 (43%)  
[  5]  11.00-12.00  sec  69.3 MBytes   581 Mbits/sec  0.007 ms  102216/244114 (42%)  
[  5]  12.00-13.00  sec  68.9 MBytes   578 Mbits/sec  0.008 ms  103023/244143 (42%)  
[  5]  13.00-14.00  sec  67.6 MBytes   567 Mbits/sec  0.009 ms  105791/244142 (43%)  
[  5]  14.00-15.00  sec  68.5 MBytes   574 Mbits/sec  0.009 ms  103919/244149 (43%)  
[  5]  15.00-16.00  sec  68.7 MBytes   576 Mbits/sec  0.008 ms  103490/244126 (42%)  
[  5]  16.00-17.00  sec  69.6 MBytes   584 Mbits/sec  0.008 ms  101640/244149 (42%)  
[  5]  17.00-18.00  sec  68.1 MBytes   571 Mbits/sec  0.007 ms  104700/244138 (43%)  
[  5]  18.00-19.00  sec  68.7 MBytes   576 Mbits/sec  0.009 ms  103460/244135 (42%)  
[  5]  19.00-20.00  sec  66.8 MBytes   560 Mbits/sec  0.011 ms  107471/244185 (44%)  
[  5]  20.00-21.00  sec  66.6 MBytes   559 Mbits/sec  0.008 ms  107750/244103 (44%)  
[  5]  21.00-22.00  sec  69.3 MBytes   581 Mbits/sec  0.009 ms  102259/244182 (42%)  
[  5]  22.00-23.00  sec  68.6 MBytes   575 Mbits/sec  0.006 ms  103710/244101 (42%)  
[  5]  23.00-24.00  sec  67.0 MBytes   562 Mbits/sec  0.012 ms  106662/243889 (44%)  
[  5]  24.00-25.00  sec  66.8 MBytes   561 Mbits/sec  0.011 ms  107559/244417 (44%)  
[  5]  25.00-26.00  sec  68.9 MBytes   578 Mbits/sec  0.008 ms  102912/244117 (42%)  
[  5]  26.00-27.00  sec  67.3 MBytes   565 Mbits/sec  0.009 ms  106241/244155 (44%)  
[  5]  27.00-28.00  sec  66.7 MBytes   560 Mbits/sec  0.009 ms  107454/244113 (44%)  
[  5]  28.00-29.00  sec  67.9 MBytes   570 Mbits/sec  0.007 ms  105029/244132 (43%)  
[  5]  29.00-30.00  sec  68.1 MBytes   571 Mbits/sec  0.008 ms  104552/244004 (43%)  
[  5]  30.00-30.00  sec   246 KBytes   506 Mbits/sec  0.011 ms  485/976 (50%)  
- - - - - - - - - - - - - - - - - - - - - - - - -
[ ID] Interval           Transfer     Bitrate         Jitter    Lost/Total Datagrams
[  5]   0.00-30.00  sec  2.01 GBytes   576 Mbits/sec  0.011 ms  3108610/7324423 (42%)  receiver
