-----------------------------------------------------------
Server listening on 5201 (test #1)
-----------------------------------------------------------
Accepted connection from 192.168.2.1, port 39082
[  5] local 192.168.2.2 port 5201 connected to 192.168.2.1 port 55839
[ ID] Interval           Transfer     Bitrate         Jitter    Lost/Total Datagrams
[  5]   0.00-1.00   sec  76.4 MBytes   640 Mbits/sec  0.007 ms  38406/194881 (20%)  
[  5]   1.00-2.00   sec  75.2 MBytes   631 Mbits/sec  0.012 ms  41154/195165 (21%)  
[  5]   2.00-3.00   sec  70.3 MBytes   590 Mbits/sec  0.008 ms  51428/195459 (26%)  
[  5]   3.00-4.00   sec  68.3 MBytes   573 Mbits/sec  0.010 ms  55209/195151 (28%)  
[  5]   4.00-5.00   sec  70.3 MBytes   589 Mbits/sec  0.010 ms  51575/195468 (26%)  
[  5]   5.00-6.00   sec  70.6 MBytes   592 Mbits/sec  0.007 ms  50745/195328 (26%)  
[  5]   6.00-7.00   sec  70.7 MBytes   593 Mbits/sec  0.011 ms  50204/195076 (26%)  
[  5]   7.00-8.00   sec  69.4 MBytes   582 Mbits/sec  0.007 ms  53420/195505 (27%)  
[  5]   8.00-9.00   sec  70.1 MBytes   588 Mbits/sec  0.010 ms  51650/195314 (26%)  
[  5]   9.00-10.00  sec  70.1 MBytes   588 Mbits/sec  0.010 ms  51744/195293 (26%)  
[  5]  10.00-11.00  sec  68.1 MBytes   571 Mbits/sec  0.010 ms  55790/195233 (29%)  
[  5]  11.00-12.00  sec  71.0 MBytes   596 Mbits/sec  0.007 ms  49981/195408 (26%)  
[  5]  12.00-13.00  sec  70.8 MBytes   594 Mbits/sec  0.010 ms  50165/195235 (26%)  
[  5]  13.00-14.00  sec  71.3 MBytes   598 Mbits/sec  0.008 ms  49331/195415 (25%)  
[  5]  14.00-15.00  sec  69.4 MBytes   582 Mbits/sec  0.010 ms  53276/195325 (27%)  
[  5]  15.00-16.00  sec  70.1 MBytes   588 Mbits/sec  0.008 ms  51696/195278 (26%)  
[  5]  16.00-17.00  sec  70.8 MBytes   594 Mbits/sec  0.009 ms  50402/195313 (26%)  
[  5]  17.00-18.00  sec  69.5 MBytes   583 Mbits/sec  0.010 ms  52982/195287 (27%)  
[  5]  18.00-19.00  sec  71.3 MBytes   598 Mbits/sec  0.009 ms  49378/195354 (25%)  
[  5]  19.00-20.00  sec  68.8 MBytes   577 Mbits/sec  0.010 ms  54453/195298 (28%)  
[  5]  20.00-21.00  sec  70.8 MBytes   594 Mbits/sec  0.011 ms  50355/195312 (26%)  
[  5]  21.00-22.00  sec  69.8 MBytes   585 Mbits/sec  0.014 ms  52226/195101 (27%)  
[  5]  22.00-23.00  sec  71.3 MBytes   598 Mbits/sec  0.007 ms  49601/195529 (25%)  
[  5]  23.00-24.00  sec  69.2 MBytes   580 Mbits/sec  0.016 ms  53566/195279 (27%)  
[  5]  24.00-25.00  sec  70.1 MBytes   588 Mbits/sec  0.009 ms  51727/195349 (26%)  
[  5]  25.00-26.00  sec  65.1 MBytes   546 Mbits/sec  0.007 ms  61985/195287 (32%)  
[  5]  26.00-27.00  sec  67.1 MBytes   563 Mbits/sec  0.006 ms  57984/195349 (30%)  
[  5]  27.00-28.00  sec  70.6 MBytes   593 Mbits/sec  0.010 ms  50623/195297 (26%)  
[  5]  28.00-29.00  sec  69.5 MBytes   583 Mbits/sec  0.008 ms  53041/195280 (27%)  
[  5]  29.00-30.00  sec  70.6 MBytes   592 Mbits/sec  0.012 ms  50602/195221 (26%)  
[  5]  30.00-30.00  sec   242 KBytes   501 Mbits/sec  0.014 ms  272/757 (36%)  
- - - - - - - - - - - - - - - - - - - - - - - - -
[ ID] Interval           Transfer     Bitrate         Jitter    Lost/Total Datagrams
[  5]   0.00-30.00  sec  2.06 GBytes   589 Mbits/sec  0.014 ms  1544971/5859547 (26%)  receiver
