-----------------------------------------------------------
Server listening on 5201 (test #1)
-----------------------------------------------------------
Accepted connection from 192.168.2.1, port 33206
[  5] local 192.168.2.2 port 5201 connected to 192.168.2.1 port 33214
[  8] local 192.168.2.2 port 5201 connected to 192.168.2.1 port 33222
[ 10] local 192.168.2.2 port 5201 connected to 192.168.2.1 port 33232
[ 12] local 192.168.2.2 port 5201 connected to 192.168.2.1 port 33240
[ ID] Interval           Transfer     Bitrate
[  5]   0.00-1.00   sec  28.0 MBytes   235 Mbits/sec                  
[  8]   0.00-1.00   sec  17.8 MBytes   149 Mbits/sec                  
[ 10]   0.00-1.00   sec  22.2 MBytes   187 Mbits/sec                  
[ 12]   0.00-1.00   sec  38.6 MBytes   324 Mbits/sec                  
[SUM]   0.00-1.00   sec   107 MBytes   894 Mbits/sec                  
- - - - - - - - - - - - - - - - - - - - - - - - -
[  5]   1.00-2.00   sec  28.6 MBytes   240 Mbits/sec                  
[  8]   1.00-2.00   sec  25.6 MBytes   215 Mbits/sec                  
[ 10]   1.00-2.00   sec  18.0 MBytes   151 Mbits/sec                  
[ 12]   1.00-2.00   sec  32.5 MBytes   273 Mbits/sec                  
[SUM]   1.00-2.00   sec   105 MBytes   879 Mbits/sec                  
- - - - - - - - - - - - - - - - - - - - - - - - -
[  5]   2.00-3.00   sec  33.0 MBytes   277 Mbits/sec                  
[  8]   2.00-3.00   sec  27.4 MBytes   230 Mbits/sec                  
[ 10]   2.00-3.00   sec  19.4 MBytes   163 Mbits/sec                  
[ 12]   2.00-3.00   sec  20.2 MBytes   170 Mbits/sec                  
[SUM]   2.00-3.00   sec   100 MBytes   839 Mbits/sec                  
- - - - - - - - - - - - - - - - - - - - - - - - -
[  5]   3.00-4.00   sec  36.9 MBytes   309 Mbits/sec                  
[  8]   3.00-4.00   sec  32.0 MBytes   268 Mbits/sec                  
[ 10]   3.00-4.00   sec  14.8 MBytes   124 Mbits/sec                  
[ 12]   3.00-4.00   sec  17.2 MBytes   145 Mbits/sec                  
[SUM]   3.00-4.00   sec   101 MBytes   846 Mbits/sec                  
- - - - - - - - - - - - - - - - - - - - - - - - -
[  5]   4.00-5.00   sec  22.1 MBytes   185 Mbits/sec                  
[  8]   4.00-5.00   sec  39.1 MBytes   328 Mbits/sec                  
[ 10]   4.00-5.00   sec  19.6 MBytes   164 Mbits/sec                  
[ 12]   4.00-5.00   sec  19.8 MBytes   166 Mbits/sec                  
[SUM]   4.00-5.00   sec   101 MBytes   843 Mbits/sec                  
- - - - - - - - - - - - - - - - - - - - - - - - -
[  5]   5.00-6.00   sec  21.8 MBytes   183 Mbits/sec                  
[  8]   5.00-6.00   sec  32.1 MBytes   270 Mbits/sec                  
[ 10]   5.00-6.00   sec  23.9 MBytes   200 Mbits/sec                  
[ 12]   5.00-6.00   sec  22.5 MBytes   189 Mbits/sec                  
[SUM]   5.00-6.00   sec   100 MBytes   842 Mbits/sec                  
- - - - - - - - - - - - - - - - - - - - - - - - -
[  5]   6.00-7.00   sec  27.8 MBytes   233 Mbits/sec                  
[  8]   6.00-7.00   sec  28.9 MBytes   242 Mbits/sec                  
[ 10]   6.00-7.00   sec  19.0 MBytes   159 Mbits/sec                  
[ 12]   6.00-7.00   sec  24.5 MBytes   206 Mbits/sec                  
[SUM]   6.00-7.00   sec   100 MBytes   840 Mbits/sec                  
- - - - - - - - - - - - - - - - - - - - - - - - -
[  5]   7.00-8.00   sec  21.5 MBytes   180 Mbits/sec                  
[  8]   7.00-8.00   sec  43.5 MBytes   365 Mbits/sec                  
[ 10]   7.00-8.00   sec  22.4 MBytes   188 Mbits/sec                  
[ 12]   7.00-8.00   sec  12.2 MBytes   103 Mbits/sec                  
[SUM]   7.00-8.00   sec  99.6 MBytes   836 Mbits/sec                  
- - - - - - - - - - - - - - - - - - - - - - - - -
[  5]   8.00-9.00   sec  22.1 MBytes   186 Mbits/sec                  
[  8]   8.00-9.00   sec  46.1 MBytes   387 Mbits/sec                  
[ 10]   8.00-9.00   sec  19.2 MBytes   161 Mbits/sec                  
[ 12]   8.00-9.00   sec  12.2 MBytes   103 Mbits/sec                  
[SUM]   8.00-9.00   sec  99.8 MBytes   837 Mbits/sec                  
- - - - - - - - - - - - - - - - - - - - - - - - -
[  5]   9.00-10.00  sec  17.5 MBytes   147 Mbits/sec                  
[  8]   9.00-10.00  sec  42.4 MBytes   355 Mbits/sec                  
[ 10]   9.00-10.00  sec  19.0 MBytes   159 Mbits/sec                  
[ 12]   9.00-10.00  sec  20.4 MBytes   171 Mbits/sec                  
[SUM]   9.00-10.00  sec  99.2 MBytes   833 Mbits/sec                  
- - - - - - - - - - - - - - - - - - - - - - - - -
[  5]  10.00-11.00  sec  16.4 MBytes   137 Mbits/sec                  
[  8]  10.00-11.00  sec  33.0 MBytes   277 Mbits/sec                  
[ 10]  10.00-11.00  sec  19.0 MBytes   159 Mbits/sec                  
[ 12]  10.00-11.00  sec  31.2 MBytes   262 Mbits/sec                  
[SUM]  10.00-11.00  sec  99.6 MBytes   835 Mbits/sec                  
- - - - - - - - - - - - - - - - - - - - - - - - -
[  5]  11.00-12.00  sec  17.8 MBytes   149 Mbits/sec                  
[  8]  11.00-12.00  sec  24.8 MBytes   208 Mbits/sec                  
[ 10]  11.00-12.00  sec  23.0 MBytes   193 Mbits/sec                  
[ 12]  11.00-12.00  sec  35.6 MBytes   299 Mbits/sec                  
[SUM]  11.00-12.00  sec   101 MBytes   849 Mbits/sec                  
- - - - - - - - - - - - - - - - - - - - - - - - -
[  5]  12.00-13.00  sec  19.2 MBytes   161 Mbits/sec                  
[  8]  12.00-13.00  sec  25.0 MBytes   210 Mbits/sec                  
[ 10]  12.00-13.00  sec  24.8 MBytes   208 Mbits/sec                  
[ 12]  12.00-13.00  sec  30.9 MBytes   259 Mbits/sec                  
[SUM]  12.00-13.00  sec  99.9 MBytes   838 Mbits/sec                  
- - - - - - - - - - - - - - - - - - - - - - - - -
[  5]  13.00-14.00  sec  20.2 MBytes   170 Mbits/sec                  
[  8]  13.00-14.00  sec  21.4 MBytes   179 Mbits/sec                  
[ 10]  13.00-14.00  sec  24.1 MBytes   202 Mbits/sec                  
[ 12]  13.00-14.00  sec  34.9 MBytes   293 Mbits/sec                  
[SUM]  13.00-14.00  sec   101 MBytes   844 Mbits/sec                  
- - - - - - - - - - - - - - - - - - - - - - - - -
[  5]  14.00-15.00  sec  18.8 MBytes   157 Mbits/sec                  
[  8]  14.00-15.00  sec  21.2 MBytes   178 Mbits/sec                  
[ 10]  14.00-15.00  sec  23.6 MBytes   198 Mbits/sec                  
[ 12]  14.00-15.00  sec  37.4 MBytes   314 Mbits/sec                  
[SUM]  14.00-15.00  sec   101 MBytes   847 Mbits/sec                  
- - - - - - - - - - - - - - - - - - - - - - - - -
[  5]  15.00-16.00  sec  19.4 MBytes   163 Mbits/sec                  
[  8]  15.00-16.00  sec  32.1 MBytes   269 Mbits/sec                  
[ 10]  15.00-16.00  sec  29.0 MBytes   243 Mbits/sec                  
[ 12]  15.00-16.00  sec  20.1 MBytes   169 Mbits/sec                  
[SUM]  15.00-16.00  sec   101 MBytes   844 Mbits/sec                  
- - - - - - - - - - - - - - - - - - - - - - - - -
[  5]  16.00-17.00  sec  18.5 MBytes   155 Mbits/sec                  
[  8]  16.00-17.00  sec  20.8 MBytes   174 Mbits/sec                  
[ 10]  16.00-17.00  sec  35.1 MBytes   295 Mbits/sec                  
[ 12]  16.00-17.00  sec  25.4 MBytes   213 Mbits/sec                  
[SUM]  16.00-17.00  sec  99.8 MBytes   837 Mbits/sec                  
- - - - - - - - - - - - - - - - - - - - - - - - -
[  5]  17.00-18.00  sec  21.9 MBytes   183 Mbits/sec                  
[  8]  17.00-18.00  sec  19.8 MBytes   166 Mbits/sec                  
[ 10]  17.00-18.00  sec  42.5 MBytes   357 Mbits/sec                  
[ 12]  17.00-18.00  sec  17.5 MBytes   147 Mbits/sec                  
[SUM]  17.00-18.00  sec   102 MBytes   852 Mbits/sec                  
- - - - - - - - - - - - - - - - - - - - - - - - -
[  5]  18.00-19.00  sec  22.6 MBytes   190 Mbits/sec                  
[  8]  18.00-19.00  sec  15.6 MBytes   131 Mbits/sec                  
[ 10]  18.00-19.00  sec  48.6 MBytes   408 Mbits/sec                  
[ 12]  18.00-19.00  sec  13.5 MBytes   113 Mbits/sec                  
[SUM]  18.00-19.00  sec   100 MBytes   842 Mbits/sec                  
- - - - - - - - - - - - - - - - - - - - - - - - -
[  5]  19.00-20.00  sec  37.2 MBytes   312 Mbits/sec                  
[  8]  19.00-20.00  sec  17.0 MBytes   143 Mbits/sec                  
[ 10]  19.00-20.00  sec  28.6 MBytes   240 Mbits/sec                  
[ 12]  19.00-20.00  sec  17.9 MBytes   150 Mbits/sec                  
[SUM]  19.00-20.00  sec   101 MBytes   845 Mbits/sec                  
- - - - - - - - - - - - - - - - - - - - - - - - -
[  5]  20.00-21.00  sec  29.5 MBytes   247 Mbits/sec                  
[  8]  20.00-21.00  sec  27.1 MBytes   228 Mbits/sec                  
[ 10]  20.00-21.00  sec  19.2 MBytes   161 Mbits/sec                  
[ 12]  20.00-21.00  sec  23.0 MBytes   193 Mbits/sec                  
[SUM]  20.00-21.00  sec  98.9 MBytes   829 Mbits/sec                  
- - - - - - - - - - - - - - - - - - - - - - - - -
[  5]  21.00-22.00  sec  21.5 MBytes   180 Mbits/sec                  
[  8]  21.00-22.00  sec  32.5 MBytes   273 Mbits/sec                  
[ 10]  21.00-22.00  sec  26.4 MBytes   221 Mbits/sec                  
[ 12]  21.00-22.00  sec  19.0 MBytes   159 Mbits/sec                  
[SUM]  21.00-22.00  sec  99.4 MBytes   834 Mbits/sec                  
- - - - - - - - - - - - - - - - - - - - - - - - -
[  5]  22.00-23.00  sec  24.6 MBytes   207 Mbits/sec                  
[  8]  22.00-23.00  sec  25.6 MBytes   215 Mbits/sec                  
[ 10]  22.00-23.00  sec  26.4 MBytes   221 Mbits/sec                  
[ 12]  22.00-23.00  sec  24.8 MBytes   208 Mbits/sec                  
[SUM]  22.00-23.00  sec   101 MBytes   850 Mbits/sec                  
- - - - - - - - - - - - - - - - - - - - - - - - -
[  5]  23.00-24.00  sec  25.6 MBytes   215 Mbits/sec                  
[  8]  23.00-24.00  sec  18.1 MBytes   152 Mbits/sec                  
[ 10]  23.00-24.00  sec  23.4 MBytes   196 Mbits/sec                  
[ 12]  23.00-24.00  sec  32.9 MBytes   276 Mbits/sec                  
[SUM]  23.00-24.00  sec   100 MBytes   839 Mbits/sec                  
- - - - - - - - - - - - - - - - - - - - - - - - -
[  5]  24.00-25.00  sec  19.6 MBytes   165 Mbits/sec                  
[  8]  24.00-25.00  sec  16.0 MBytes   134 Mbits/sec                  
[ 10]  24.00-25.00  sec  22.9 MBytes   192 Mbits/sec                  
[ 12]  24.00-25.00  sec  43.0 MBytes   361 Mbits/sec                  
[SUM]  24.00-25.00  sec   102 MBytes   851 Mbits/sec                  
- - - - - - - - - - - - - - - - - - - - - - - - -
[  5]  25.00-26.00  sec  23.0 MBytes   193 Mbits/sec                  
[  8]  25.00-26.00  sec  22.2 MBytes   187 Mbits/sec                  
[ 10]  25.00-26.00  sec  23.6 MBytes   198 Mbits/sec                  
[ 12]  25.00-26.00  sec  31.9 MBytes   267 Mbits/sec                  
[SUM]  25.00-26.00  sec   101 MBytes   845 Mbits/sec                  
- - - - - - - - - - - - - - - - - - - - - - - - -
[  5]  26.00-27.00  sec  18.9 MBytes   158 Mbits/sec                  
[  8]  26.00-27.00  sec  27.6 MBytes   232 Mbits/sec                  
[ 10]  26.00-27.00  sec  19.4 MBytes   162 Mbits/sec                  
[ 12]  26.00-27.00  sec  35.4 MBytes   296 Mbits/sec                  
[SUM]  26.00-27.00  sec   101 MBytes   849 Mbits/sec                  
- - - - - - - - - - - - - - - - - - - - - - - - -
[  5]  27.00-28.00  sec  20.5 MBytes   172 Mbits/sec                  
[  8]  27.00-28.00  sec  26.5 MBytes   223 Mbits/sec                  
[ 10]  27.00-28.00  sec  22.1 MBytes   186 Mbits/sec                  
[ 12]  27.00-28.00  sec  31.4 MBytes   263 Mbits/sec                  
[SUM]  27.00-28.00  sec   100 MBytes   844 Mbits/sec                  
- - - - - - - - - - - - - - - - - - - - - - - - -
[  5]  28.00-29.00  sec  17.9 MBytes   150 Mbits/sec                  
[  8]  28.00-29.00  sec  24.0 MBytes   201 Mbits/sec                  
[ 10]  28.00-29.00  sec  32.0 MBytes   268 Mbits/sec                  
[ 12]  28.00-29.00  sec  26.0 MBytes   218 Mbits/sec                  
[SUM]  28.00-29.00  sec  99.9 MBytes   838 Mbits/sec                  
- - - - - - - - - - - - - - - - - - - - - - - - -
[  5]  29.00-30.00  sec  23.1 MBytes   194 Mbits/sec                  
[  8]  29.00-30.00  sec  27.1 MBytes   228 Mbits/sec                  
[ 10]  29.00-30.00  sec  30.2 MBytes   254 Mbits/sec                  
[ 12]  29.00-30.00  sec  20.2 MBytes   170 Mbits/sec                  
[SUM]  29.00-30.00  sec   101 MBytes   845 Mbits/sec                  
- - - - - - - - - - - - - - - - - - - - - - - - -
[  5]  30.00-30.01  sec   128 KBytes   159 Mbits/sec                  
[  8]  30.00-30.01  sec   128 KBytes   159 Mbits/sec                  
[ 10]  30.00-30.01  sec   128 KBytes   159 Mbits/sec                  
[ 12]  30.00-30.01  sec   128 KBytes   159 Mbits/sec                  
[SUM]  30.00-30.01  sec   512 KBytes   635 Mbits/sec                  
- - - - - - - - - - - - - - - - - - - - - - - - -
[ ID] Interval           Transfer     Bitrate
[  5]   0.00-30.01  sec   696 MBytes   194 Mbits/sec                  receiver
[  8]   0.00-30.01  sec   812 MBytes   227 Mbits/sec                  receiver
[ 10]   0.00-30.01  sec   742 MBytes   207 Mbits/sec                  receiver
[ 12]   0.00-30.01  sec   772 MBytes   216 Mbits/sec                  receiver
[SUM]   0.00-30.01  sec  2.95 GBytes   845 Mbits/sec                  receiver
