-----------------------------------------------------------
Server listening on 5201 (test #1)
-----------------------------------------------------------
Accepted connection from 192.168.2.1, port 51594
[  5] local 192.168.2.2 port 5201 connected to 192.168.2.1 port 51600
[  8] local 192.168.2.2 port 5201 connected to 192.168.2.1 port 51608
[ 10] local 192.168.2.2 port 5201 connected to 192.168.2.1 port 51616
[ 12] local 192.168.2.2 port 5201 connected to 192.168.2.1 port 51622
[ ID] Interval           Transfer     Bitrate
[  5]   0.00-1.00   sec  33.2 MBytes   279 Mbits/sec                  
[  8]   0.00-1.00   sec  25.5 MBytes   214 Mbits/sec                  
[ 10]   0.00-1.00   sec  13.2 MBytes   111 Mbits/sec                  
[ 12]   0.00-1.00   sec  36.0 MBytes   302 Mbits/sec                  
[SUM]   0.00-1.00   sec   108 MBytes   905 Mbits/sec                  
- - - - - - - - - - - - - - - - - - - - - - - - -
[  5]   1.00-2.00   sec  39.2 MBytes   329 Mbits/sec                  
[  8]   1.00-2.00   sec  23.0 MBytes   193 Mbits/sec                  
[ 10]   1.00-2.00   sec  19.6 MBytes   165 Mbits/sec                  
[ 12]   1.00-2.00   sec  26.4 MBytes   221 Mbits/sec                  
[SUM]   1.00-2.00   sec   108 MBytes   908 Mbits/sec                  
- - - - - - - - - - - - - - - - - - - - - - - - -
[  5]   2.00-3.00   sec  27.8 MBytes   233 Mbits/sec                  
[  8]   2.00-3.00   sec  24.0 MBytes   201 Mbits/sec                  
[ 10]   2.00-3.00   sec  24.9 MBytes   209 Mbits/sec                  
[ 12]   2.00-3.00   sec  24.2 MBytes   203 Mbits/sec                  
[SUM]   2.00-3.00   sec   101 MBytes   846 Mbits/sec                  
- - - - - - - - - - - - - - - - - - - - - - - - -
[  5]   3.00-4.00   sec  27.5 MBytes   231 Mbits/sec                  
[  8]   3.00-4.00   sec  36.4 MBytes   305 Mbits/sec                  
[ 10]   3.00-4.00   sec  19.6 MBytes   165 Mbits/sec                  
[ 12]   3.00-4.00   sec  17.8 MBytes   149 Mbits/sec                  
[SUM]   3.00-4.00   sec   101 MBytes   849 Mbits/sec                  
- - - - - - - - - - - - - - - - - - - - - - - - -
[  5]   4.00-5.00   sec  34.4 MBytes   288 Mbits/sec                  
[  8]   4.00-5.00   sec  30.0 MBytes   252 Mbits/sec                  
[ 10]   4.00-5.00   sec  14.8 MBytes   124 Mbits/sec                  
[ 12]   4.00-5.00   sec  22.5 MBytes   189 Mbits/sec                  
[SUM]   4.00-5.00   sec   102 MBytes   852 Mbits/sec                  
- - - - - - - - - - - - - - - - - - - - - - - - -
[  5]   5.00-6.00   sec  34.8 MBytes   292 Mbits/sec                  
[  8]   5.00-6.00   sec  17.2 MBytes   145 Mbits/sec                  
[ 10]   5.00-6.00   sec  17.1 MBytes   144 Mbits/sec                  
[ 12]   5.00-6.00   sec  32.8 MBytes   275 Mbits/sec                  
[SUM]   5.00-6.00   sec   102 MBytes   855 Mbits/sec                  
- - - - - - - - - - - - - - - - - - - - - - - - -
[  5]   6.00-7.00   sec  21.0 MBytes   176 Mbits/sec                  
[  8]   6.00-7.00   sec  30.6 MBytes   257 Mbits/sec                  
[ 10]   6.00-7.00   sec  18.2 MBytes   153 Mbits/sec                  
[ 12]   6.00-7.00   sec  32.5 MBytes   273 Mbits/sec                  
[SUM]   6.00-7.00   sec   102 MBytes   859 Mbits/sec                  
- - - - - - - - - - - - - - - - - - - - - - - - -
[  5]   7.00-8.00   sec  18.1 MBytes   152 Mbits/sec                  
[  8]   7.00-8.00   sec  31.5 MBytes   264 Mbits/sec                  
[ 10]   7.00-8.00   sec  24.8 MBytes   208 Mbits/sec                  
[ 12]   7.00-8.00   sec  27.6 MBytes   232 Mbits/sec                  
[SUM]   7.00-8.00   sec   102 MBytes   856 Mbits/sec                  
- - - - - - - - - - - - - - - - - - - - - - - - -
[  5]   8.00-9.00   sec  22.6 MBytes   190 Mbits/sec                  
[  8]   8.00-9.00   sec  26.1 MBytes   219 Mbits/sec                  
[ 10]   8.00-9.00   sec  31.6 MBytes   265 Mbits/sec                  
[ 12]   8.00-9.00   sec  23.2 MBytes   195 Mbits/sec                  
[SUM]   8.00-9.00   sec   104 MBytes   869 Mbits/sec                  
- - - - - - - - - - - - - - - - - - - - - - - - -
[  5]   9.00-10.00  sec  20.4 MBytes   171 Mbits/sec                  
[  8]   9.00-10.00  sec  31.5 MBytes   264 Mbits/sec                  
[ 10]   9.00-10.00  sec  31.0 MBytes   260 Mbits/sec                  
[ 12]   9.00-10.00  sec  19.9 MBytes   167 Mbits/sec                  
[SUM]   9.00-10.00  sec   103 MBytes   862 Mbits/sec                  
- - - - - - - - - - - - - - - - - - - - - - - - -
[  5]  10.00-11.00  sec  21.4 MBytes   179 Mbits/sec                  
[  8]  10.00-11.00  sec  34.9 MBytes   293 Mbits/sec                  
[ 10]  10.00-11.00  sec  23.1 MBytes   194 Mbits/sec                  
[ 12]  10.00-11.00  sec  24.1 MBytes   202 Mbits/sec                  
[SUM]  10.00-11.00  sec   104 MBytes   868 Mbits/sec                  
- - - - - - - - - - - - - - - - - - - - - - - - -
[  5]  11.00-12.00  sec  18.8 MBytes   157 Mbits/sec                  
[  8]  11.00-12.00  sec  34.8 MBytes   291 Mbits/sec                  
[ 10]  11.00-12.00  sec  22.8 MBytes   191 Mbits/sec                  
[ 12]  11.00-12.00  sec  22.0 MBytes   185 Mbits/sec                  
[SUM]  11.00-12.00  sec  98.2 MBytes   824 Mbits/sec                  
- - - - - - - - - - - - - - - - - - - - - - - - -
[  5]  12.00-13.00  sec  18.9 MBytes   158 Mbits/sec                  
[  8]  12.00-13.00  sec  30.1 MBytes   253 Mbits/sec                  
[ 10]  12.00-13.00  sec  28.8 MBytes   241 Mbits/sec                  
[ 12]  12.00-13.00  sec  20.2 MBytes   170 Mbits/sec                  
[SUM]  12.00-13.00  sec  98.0 MBytes   822 Mbits/sec                  
- - - - - - - - - - - - - - - - - - - - - - - - -
[  5]  13.00-14.00  sec  22.0 MBytes   185 Mbits/sec                  
[  8]  13.00-14.00  sec  22.1 MBytes   186 Mbits/sec                  
[ 10]  13.00-14.00  sec  31.6 MBytes   265 Mbits/sec                  
[ 12]  13.00-14.00  sec  22.8 MBytes   191 Mbits/sec                  
[SUM]  13.00-14.00  sec  98.5 MBytes   826 Mbits/sec                  
- - - - - - - - - - - - - - - - - - - - - - - - -
[  5]  14.00-15.00  sec  27.2 MBytes   229 Mbits/sec                  
[  8]  14.00-15.00  sec  22.2 MBytes   187 Mbits/sec                  
[ 10]  14.00-15.00  sec  27.9 MBytes   234 Mbits/sec                  
[ 12]  14.00-15.00  sec  25.1 MBytes   211 Mbits/sec                  
[SUM]  14.00-15.00  sec   102 MBytes   860 Mbits/sec                  
- - - - - - - - - - - - - - - - - - - - - - - - -
[  5]  15.00-16.00  sec  32.6 MBytes   274 Mbits/sec                  
[  8]  15.00-16.00  sec  17.8 MBytes   149 Mbits/sec                  
[ 10]  15.00-16.00  sec  19.1 MBytes   160 Mbits/sec                  
[ 12]  15.00-16.00  sec  32.8 MBytes   275 Mbits/sec                  
[SUM]  15.00-16.00  sec   102 MBytes   858 Mbits/sec                  
- - - - - - - - - - - - - - - - - - - - - - - - -
[  5]  16.00-17.00  sec  29.0 MBytes   243 Mbits/sec                  
[  8]  16.00-17.00  sec  21.0 MBytes   176 Mbits/sec                  
[ 10]  16.00-17.00  sec  22.0 MBytes   185 Mbits/sec                  
[ 12]  16.00-17.00  sec  30.9 MBytes   259 Mbits/sec                  
[SUM]  16.00-17.00  sec   103 MBytes   863 Mbits/sec                  
- - - - - - - - - - - - - - - - - - - - - - - - -
[  5]  17.00-18.00  sec  27.8 MBytes   233 Mbits/sec                  
[  8]  17.00-18.00  sec  22.1 MBytes   186 Mbits/sec                  
[ 10]  17.00-18.00  sec  22.9 MBytes   192 Mbits/sec                  
[ 12]  17.00-18.00  sec  28.4 MBytes   238 Mbits/sec                  
[SUM]  17.00-18.00  sec   101 MBytes   848 Mbits/sec                  
- - - - - - - - - - - - - - - - - - - - - - - - -
[  5]  18.00-19.00  sec  32.5 MBytes   273 Mbits/sec                  
[  8]  18.00-19.00  sec  27.0 MBytes   226 Mbits/sec                  
[ 10]  18.00-19.00  sec  16.6 MBytes   139 Mbits/sec                  
[ 12]  18.00-19.00  sec  23.4 MBytes   196 Mbits/sec                  
[SUM]  18.00-19.00  sec  99.5 MBytes   835 Mbits/sec                  
- - - - - - - - - - - - - - - - - - - - - - - - -
[  5]  19.00-20.00  sec  21.2 MBytes   178 Mbits/sec                  
[  8]  19.00-20.00  sec  30.5 MBytes   256 Mbits/sec                  
[ 10]  19.00-20.00  sec  30.6 MBytes   257 Mbits/sec                  
[ 12]  19.00-20.00  sec  14.8 MBytes   124 Mbits/sec                  
[SUM]  19.00-20.00  sec  97.1 MBytes   815 Mbits/sec                  
- - - - - - - - - - - - - - - - - - - - - - - - -
[  5]  20.00-21.00  sec  21.2 MBytes   178 Mbits/sec                  
[  8]  20.00-21.00  sec  22.8 MBytes   191 Mbits/sec                  
[ 10]  20.00-21.00  sec  33.1 MBytes   278 Mbits/sec                  
[ 12]  20.00-21.00  sec  22.5 MBytes   189 Mbits/sec                  
[SUM]  20.00-21.00  sec  99.6 MBytes   836 Mbits/sec                  
- - - - - - - - - - - - - - - - - - - - - - - - -
[  5]  21.00-22.00  sec  30.6 MBytes   257 Mbits/sec                  
[  8]  21.00-22.00  sec  22.9 MBytes   192 Mbits/sec                  
[ 10]  21.00-22.00  sec  29.4 MBytes   246 Mbits/sec                  
[ 12]  21.00-22.00  sec  18.2 MBytes   153 Mbits/sec                  
[SUM]  21.00-22.00  sec   101 MBytes   848 Mbits/sec                  
- - - - - - - - - - - - - - - - - - - - - - - - -
[  5]  22.00-23.00  sec  26.9 MBytes   225 Mbits/sec                  
[  8]  22.00-23.00  sec  28.5 MBytes   239 Mbits/sec                  
[ 10]  22.00-23.00  sec  27.1 MBytes   228 Mbits/sec                  
[ 12]  22.00-23.00  sec  19.0 MBytes   159 Mbits/sec                  
[SUM]  22.00-23.00  sec   102 MBytes   851 Mbits/sec                  
- - - - - - - - - - - - - - - - - - - - - - - - -
[  5]  23.00-24.00  sec  24.2 MBytes   203 Mbits/sec                  
[  8]  23.00-24.00  sec  35.5 MBytes   298 Mbits/sec                  
[ 10]  23.00-24.00  sec  18.4 MBytes   154 Mbits/sec                  
[ 12]  23.00-24.00  sec  23.4 MBytes   196 Mbits/sec                  
[SUM]  23.00-24.00  sec   102 MBytes   851 Mbits/sec                  
- - - - - - - - - - - - - - - - - - - - - - - - -
[  5]  24.00-25.00  sec  26.9 MBytes   225 Mbits/sec                  
[  8]  24.00-25.00  sec  40.9 MBytes   343 Mbits/sec                  
[ 10]  24.00-25.00  sec  13.1 MBytes   110 Mbits/sec                  
[ 12]  24.00-25.00  sec  20.2 MBytes   170 Mbits/sec                  
[SUM]  24.00-25.00  sec   101 MBytes   848 Mbits/sec                  
- - - - - - - - - - - - - - - - - - - - - - - - -
[  5]  25.00-26.00  sec  29.4 MBytes   246 Mbits/sec                  
[  8]  25.00-26.00  sec  24.4 MBytes   204 Mbits/sec                  
[ 10]  25.00-26.00  sec  17.8 MBytes   149 Mbits/sec                  
[ 12]  25.00-26.00  sec  30.2 MBytes   254 Mbits/sec                  
[SUM]  25.00-26.00  sec   102 MBytes   854 Mbits/sec                  
- - - - - - - - - - - - - - - - - - - - - - - - -
[  5]  26.00-27.00  sec  28.2 MBytes   237 Mbits/sec                  
[  8]  26.00-27.00  sec  20.8 MBytes   174 Mbits/sec                  
[ 10]  26.00-27.00  sec  22.6 MBytes   190 Mbits/sec                  
[ 12]  26.00-27.00  sec  29.8 MBytes   250 Mbits/sec                  
[SUM]  26.00-27.00  sec   101 MBytes   850 Mbits/sec                  
- - - - - - - - - - - - - - - - - - - - - - - - -
[  5]  27.00-28.00  sec  29.8 MBytes   250 Mbits/sec                  
[  8]  27.00-28.00  sec  15.2 MBytes   128 Mbits/sec                  
[ 10]  27.00-28.00  sec  28.0 MBytes   235 Mbits/sec                  
[ 12]  27.00-28.00  sec  29.2 MBytes   245 Mbits/sec                  
[SUM]  27.00-28.00  sec   102 MBytes   858 Mbits/sec                  
- - - - - - - - - - - - - - - - - - - - - - - - -
[  5]  28.00-29.00  sec  30.4 MBytes   255 Mbits/sec                  
[  8]  28.00-29.00  sec  21.1 MBytes   177 Mbits/sec                  
[ 10]  28.00-29.00  sec  19.2 MBytes   161 Mbits/sec                  
[ 12]  28.00-29.00  sec  31.1 MBytes   261 Mbits/sec                  
[SUM]  28.00-29.00  sec   102 MBytes   855 Mbits/sec                  
- - - - - - - - - - - - - - - - - - - - - - - - -
[  5]  29.00-30.00  sec  25.4 MBytes   213 Mbits/sec                  
[  8]  29.00-30.00  sec  24.2 MBytes   203 Mbits/sec                  
[ 10]  29.00-30.00  sec  24.1 MBytes   202 Mbits/sec                  
[ 12]  29.00-30.00  sec  27.6 MBytes   232 Mbits/sec                  
[SUM]  29.00-30.00  sec   101 MBytes   850 Mbits/sec                  
- - - - - - - - - - - - - - - - - - - - - - - - -
[  5]  30.00-30.01  sec   128 KBytes   157 Mbits/sec                  
[  8]  30.00-30.01  sec   128 KBytes   157 Mbits/sec                  
[ 10]  30.00-30.01  sec   256 KBytes   315 Mbits/sec                  
[ 12]  30.00-30.01  sec   128 KBytes   157 Mbits/sec                  
[SUM]  30.00-30.01  sec   640 KBytes   786 Mbits/sec                  
- - - - - - - - - - - - - - - - - - - - - - - - -
[ ID] Interval           Transfer     Bitrate
[  5]   0.00-30.01  sec   804 MBytes   225 Mbits/sec                  receiver
[  8]   0.00-30.01  sec   795 MBytes   222 Mbits/sec                  receiver
[ 10]   0.00-30.01  sec   693 MBytes   194 Mbits/sec                  receiver
[ 12]   0.00-30.01  sec   759 MBytes   212 Mbits/sec                  receiver
[SUM]   0.00-30.01  sec  2.98 GBytes   853 Mbits/sec                  receiver
