-----------------------------------------------------------
Server listening on 5201 (test #1)
-----------------------------------------------------------
Accepted connection from 192.168.2.1, port 47590
[  5] local 192.168.2.2 port 5201 connected to 192.168.2.1 port 47596
[  8] local 192.168.2.2 port 5201 connected to 192.168.2.1 port 47610
[ 10] local 192.168.2.2 port 5201 connected to 192.168.2.1 port 47618
[ 12] local 192.168.2.2 port 5201 connected to 192.168.2.1 port 47628
[ ID] Interval           Transfer     Bitrate
[  5]   0.00-1.00   sec  34.5 MBytes   289 Mbits/sec                  
[  8]   0.00-1.00   sec  16.8 MBytes   140 Mbits/sec                  
[ 10]   0.00-1.00   sec  21.4 MBytes   179 Mbits/sec                  
[ 12]   0.00-1.00   sec  30.2 MBytes   254 Mbits/sec                  
[SUM]   0.00-1.00   sec   103 MBytes   863 Mbits/sec                  
- - - - - - - - - - - - - - - - - - - - - - - - -
[  5]   1.00-2.00   sec  30.2 MBytes   254 Mbits/sec                  
[  8]   1.00-2.00   sec  21.8 MBytes   182 Mbits/sec                  
[ 10]   1.00-2.00   sec  23.2 MBytes   195 Mbits/sec                  
[ 12]   1.00-2.00   sec  25.1 MBytes   211 Mbits/sec                  
[SUM]   1.00-2.00   sec   100 MBytes   842 Mbits/sec                  
- - - - - - - - - - - - - - - - - - - - - - - - -
[  5]   2.00-3.00   sec  19.4 MBytes   163 Mbits/sec                  
[  8]   2.00-3.00   sec  16.8 MBytes   141 Mbits/sec                  
[ 10]   2.00-3.00   sec  28.5 MBytes   239 Mbits/sec                  
[ 12]   2.00-3.00   sec  28.8 MBytes   241 Mbits/sec                  
[SUM]   2.00-3.00   sec  93.4 MBytes   783 Mbits/sec                  
- - - - - - - - - - - - - - - - - - - - - - - - -
[  5]   3.00-4.00   sec  20.8 MBytes   174 Mbits/sec                  
[  8]   3.00-4.00   sec  17.9 MBytes   150 Mbits/sec                  
[ 10]   3.00-4.00   sec  28.9 MBytes   242 Mbits/sec                  
[ 12]   3.00-4.00   sec  25.4 MBytes   213 Mbits/sec                  
[SUM]   3.00-4.00   sec  92.9 MBytes   779 Mbits/sec                  
- - - - - - - - - - - - - - - - - - - - - - - - -
[  5]   4.00-5.00   sec  24.5 MBytes   206 Mbits/sec                  
[  8]   4.00-5.00   sec  19.4 MBytes   163 Mbits/sec                  
[ 10]   4.00-5.00   sec  29.0 MBytes   243 Mbits/sec                  
[ 12]   4.00-5.00   sec  21.4 MBytes   179 Mbits/sec                  
[SUM]   4.00-5.00   sec  94.2 MBytes   791 Mbits/sec                  
- - - - - - - - - - - - - - - - - - - - - - - - -
[  5]   5.00-6.00   sec  27.4 MBytes   230 Mbits/sec                  
[  8]   5.00-6.00   sec  20.2 MBytes   170 Mbits/sec                  
[ 10]   5.00-6.00   sec  23.2 MBytes   195 Mbits/sec                  
[ 12]   5.00-6.00   sec  24.0 MBytes   201 Mbits/sec                  
[SUM]   5.00-6.00   sec  94.9 MBytes   796 Mbits/sec                  
- - - - - - - - - - - - - - - - - - - - - - - - -
[  5]   6.00-7.00   sec  32.5 MBytes   273 Mbits/sec                  
[  8]   6.00-7.00   sec  14.8 MBytes   124 Mbits/sec                  
[ 10]   6.00-7.00   sec  25.8 MBytes   216 Mbits/sec                  
[ 12]   6.00-7.00   sec  20.4 MBytes   171 Mbits/sec                  
[SUM]   6.00-7.00   sec  93.4 MBytes   783 Mbits/sec                  
- - - - - - - - - - - - - - - - - - - - - - - - -
[  5]   7.00-8.00   sec  19.0 MBytes   159 Mbits/sec                  
[  8]   7.00-8.00   sec  24.1 MBytes   202 Mbits/sec                  
[ 10]   7.00-8.00   sec  28.6 MBytes   240 Mbits/sec                  
[ 12]   7.00-8.00   sec  21.1 MBytes   177 Mbits/sec                  
[SUM]   7.00-8.00   sec  92.9 MBytes   779 Mbits/sec                  
- - - - - - - - - - - - - - - - - - - - - - - - -
[  5]   8.00-9.00   sec  23.8 MBytes   199 Mbits/sec                  
[  8]   8.00-9.00   sec  19.1 MBytes   160 Mbits/sec                  
[ 10]   8.00-9.00   sec  27.4 MBytes   230 Mbits/sec                  
[ 12]   8.00-9.00   sec  21.9 MBytes   183 Mbits/sec                  
[SUM]   8.00-9.00   sec  92.1 MBytes   773 Mbits/sec                  
- - - - - - - - - - - - - - - - - - - - - - - - -
[  5]   9.00-10.00  sec  26.9 MBytes   225 Mbits/sec                  
[  8]   9.00-10.00  sec  19.6 MBytes   165 Mbits/sec                  
[ 10]   9.00-10.00  sec  25.2 MBytes   212 Mbits/sec                  
[ 12]   9.00-10.00  sec  20.8 MBytes   174 Mbits/sec                  
[SUM]   9.00-10.00  sec  92.5 MBytes   776 Mbits/sec                  
- - - - - - - - - - - - - - - - - - - - - - - - -
[  5]  10.00-11.00  sec  22.5 MBytes   189 Mbits/sec                  
[  8]  10.00-11.00  sec  17.1 MBytes   144 Mbits/sec                  
[ 10]  10.00-11.00  sec  26.0 MBytes   218 Mbits/sec                  
[ 12]  10.00-11.00  sec  26.4 MBytes   221 Mbits/sec                  
[SUM]  10.00-11.00  sec  92.0 MBytes   772 Mbits/sec                  
- - - - - - - - - - - - - - - - - - - - - - - - -
[  5]  11.00-12.00  sec  16.5 MBytes   138 Mbits/sec                  
[  8]  11.00-12.00  sec  25.1 MBytes   211 Mbits/sec                  
[ 10]  11.00-12.00  sec  23.8 MBytes   199 Mbits/sec                  
[ 12]  11.00-12.00  sec  25.2 MBytes   212 Mbits/sec                  
[SUM]  11.00-12.00  sec  90.6 MBytes   760 Mbits/sec                  
- - - - - - - - - - - - - - - - - - - - - - - - -
[  5]  12.00-13.00  sec  15.4 MBytes   129 Mbits/sec                  
[  8]  12.00-13.00  sec  36.9 MBytes   309 Mbits/sec                  
[ 10]  12.00-13.00  sec  23.2 MBytes   195 Mbits/sec                  
[ 12]  12.00-13.00  sec  21.5 MBytes   180 Mbits/sec                  
[SUM]  12.00-13.00  sec  97.0 MBytes   814 Mbits/sec                  
- - - - - - - - - - - - - - - - - - - - - - - - -
[  5]  13.00-14.00  sec  20.5 MBytes   172 Mbits/sec                  
[  8]  13.00-14.00  sec  24.0 MBytes   201 Mbits/sec                  
[ 10]  13.00-14.00  sec  30.4 MBytes   255 Mbits/sec                  
[ 12]  13.00-14.00  sec  23.4 MBytes   196 Mbits/sec                  
[SUM]  13.00-14.00  sec  98.2 MBytes   824 Mbits/sec                  
- - - - - - - - - - - - - - - - - - - - - - - - -
[  5]  14.00-15.00  sec  25.1 MBytes   211 Mbits/sec                  
[  8]  14.00-15.00  sec  26.5 MBytes   222 Mbits/sec                  
[ 10]  14.00-15.00  sec  31.2 MBytes   262 Mbits/sec                  
[ 12]  14.00-15.00  sec  18.2 MBytes   153 Mbits/sec                  
[SUM]  14.00-15.00  sec   101 MBytes   848 Mbits/sec                  
- - - - - - - - - - - - - - - - - - - - - - - - -
[  5]  15.00-16.00  sec  29.4 MBytes   246 Mbits/sec                  
[  8]  15.00-16.00  sec  28.1 MBytes   236 Mbits/sec                  
[ 10]  15.00-16.00  sec  21.0 MBytes   176 Mbits/sec                  
[ 12]  15.00-16.00  sec  16.0 MBytes   134 Mbits/sec                  
[SUM]  15.00-16.00  sec  94.5 MBytes   793 Mbits/sec                  
- - - - - - - - - - - - - - - - - - - - - - - - -
[  5]  16.00-17.00  sec  26.1 MBytes   219 Mbits/sec                  
[  8]  16.00-17.00  sec  22.9 MBytes   192 Mbits/sec                  
[ 10]  16.00-17.00  sec  22.5 MBytes   189 Mbits/sec                  
[ 12]  16.00-17.00  sec  23.5 MBytes   197 Mbits/sec                  
[SUM]  16.00-17.00  sec  95.0 MBytes   797 Mbits/sec                  
- - - - - - - - - - - - - - - - - - - - - - - - -
[  5]  17.00-18.00  sec  29.6 MBytes   249 Mbits/sec                  
[  8]  17.00-18.00  sec  18.9 MBytes   158 Mbits/sec                  
[ 10]  17.00-18.00  sec  24.2 MBytes   203 Mbits/sec                  
[ 12]  17.00-18.00  sec  23.1 MBytes   194 Mbits/sec                  
[SUM]  17.00-18.00  sec  95.9 MBytes   804 Mbits/sec                  
- - - - - - - - - - - - - - - - - - - - - - - - -
[  5]  18.00-19.00  sec  30.1 MBytes   253 Mbits/sec                  
[  8]  18.00-19.00  sec  23.5 MBytes   197 Mbits/sec                  
[ 10]  18.00-19.00  sec  24.2 MBytes   203 Mbits/sec                  
[ 12]  18.00-19.00  sec  16.6 MBytes   139 Mbits/sec                  
[SUM]  18.00-19.00  sec  94.5 MBytes   793 Mbits/sec                  
- - - - - - - - - - - - - - - - - - - - - - - - -
[  5]  19.00-20.00  sec  25.1 MBytes   211 Mbits/sec                  
[  8]  19.00-20.00  sec  19.6 MBytes   165 Mbits/sec                  
[ 10]  19.00-20.00  sec  28.1 MBytes   236 Mbits/sec                  
[ 12]  19.00-20.00  sec  20.2 MBytes   170 Mbits/sec                  
[SUM]  19.00-20.00  sec  93.1 MBytes   781 Mbits/sec                  
- - - - - - - - - - - - - - - - - - - - - - - - -
[  5]  20.00-21.00  sec  18.0 MBytes   151 Mbits/sec                  
[  8]  20.00-21.00  sec  21.6 MBytes   181 Mbits/sec                  
[ 10]  20.00-21.00  sec  34.1 MBytes   286 Mbits/sec                  
[ 12]  20.00-21.00  sec  20.2 MBytes   170 Mbits/sec                  
[SUM]  20.00-21.00  sec  94.0 MBytes   789 Mbits/sec                  
- - - - - - - - - - - - - - - - - - - - - - - - -
[  5]  21.00-22.00  sec  18.0 MBytes   151 Mbits/sec                  
[  8]  21.00-22.00  sec  23.6 MBytes   198 Mbits/sec                  
[ 10]  21.00-22.00  sec  23.6 MBytes   198 Mbits/sec                  
[ 12]  21.00-22.00  sec  30.2 MBytes   254 Mbits/sec                  
[SUM]  21.00-22.00  sec  95.5 MBytes   801 Mbits/sec                  
- - - - - - - - - - - - - - - - - - - - - - - - -
[  5]  22.00-23.00  sec  18.4 MBytes   154 Mbits/sec                  
[  8]  22.00-23.00  sec  28.5 MBytes   239 Mbits/sec                  
[ 10]  22.00-23.00  sec  24.9 MBytes   209 Mbits/sec                  
[ 12]  22.00-23.00  sec  26.9 MBytes   225 Mbits/sec                  
[SUM]  22.00-23.00  sec  98.6 MBytes   827 Mbits/sec                  
- - - - - - - - - - - - - - - - - - - - - - - - -
[  5]  23.00-24.00  sec  24.5 MBytes   205 Mbits/sec                  
[  8]  23.00-24.00  sec  25.8 MBytes   216 Mbits/sec                  
[ 10]  23.00-24.00  sec  27.5 MBytes   231 Mbits/sec                  
[ 12]  23.00-24.00  sec  20.5 MBytes   172 Mbits/sec                  
[SUM]  23.00-24.00  sec  98.2 MBytes   824 Mbits/sec                  
- - - - - - - - - - - - - - - - - - - - - - - - -
[  5]  24.00-25.00  sec  28.6 MBytes   240 Mbits/sec                  
[  8]  24.00-25.00  sec  25.9 MBytes   217 Mbits/sec                  
[ 10]  24.00-25.00  sec  24.6 MBytes   207 Mbits/sec                  
[ 12]  24.00-25.00  sec  14.4 MBytes   121 Mbits/sec                  
[SUM]  24.00-25.00  sec  93.5 MBytes   785 Mbits/sec                  
- - - - - - - - - - - - - - - - - - - - - - - - -
[  5]  25.00-26.00  sec  28.0 MBytes   235 Mbits/sec                  
[  8]  25.00-26.00  sec  28.1 MBytes   236 Mbits/sec                  
[ 10]  25.00-26.00  sec  20.2 MBytes   170 Mbits/sec                  
[ 12]  25.00-26.00  sec  19.0 MBytes   159 Mbits/sec                  
[SUM]  25.00-26.00  sec  95.4 MBytes   800 Mbits/sec                  
- - - - - - - - - - - - - - - - - - - - - - - - -
[  5]  26.00-27.00  sec  38.6 MBytes   324 Mbits/sec                  
[  8]  26.00-27.00  sec  23.0 MBytes   193 Mbits/sec                  
[ 10]  26.00-27.00  sec  17.8 MBytes   149 Mbits/sec                  
[ 12]  26.00-27.00  sec  17.1 MBytes   144 Mbits/sec                  
[SUM]  26.00-27.00  sec  96.5 MBytes   810 Mbits/sec                  
- - - - - - - - - - - - - - - - - - - - - - - - -
[  5]  27.00-28.00  sec  37.2 MBytes   312 Mbits/sec                  
[  8]  27.00-28.00  sec  20.2 MBytes   170 Mbits/sec                  
[ 10]  27.00-28.00  sec  24.6 MBytes   207 Mbits/sec                  
[ 12]  27.00-28.00  sec  15.4 MBytes   129 Mbits/sec                  
[SUM]  27.00-28.00  sec  97.5 MBytes   818 Mbits/sec                  
- - - - - - - - - - - - - - - - - - - - - - - - -
[  5]  28.00-29.00  sec  38.1 MBytes   320 Mbits/sec                  
[  8]  28.00-29.00  sec  25.4 MBytes   213 Mbits/sec                  
[ 10]  28.00-29.00  sec  17.2 MBytes   145 Mbits/sec                  
[ 12]  28.00-29.00  sec  18.8 MBytes   157 Mbits/sec                  
[SUM]  28.00-29.00  sec  99.5 MBytes   835 Mbits/sec                  
- - - - - - - - - - - - - - - - - - - - - - - - -
[  5]  29.00-30.00  sec  24.0 MBytes   201 Mbits/sec                  
[  8]  29.00-30.00  sec  31.0 MBytes   260 Mbits/sec                  
[ 10]  29.00-30.00  sec  16.1 MBytes   135 Mbits/sec                  
[ 12]  29.00-30.00  sec  30.0 MBytes   252 Mbits/sec                  
[SUM]  29.00-30.00  sec   101 MBytes   848 Mbits/sec                  
- - - - - - - - - - - - - - - - - - - - - - - - -
[  5]  30.00-30.01  sec   128 KBytes   185 Mbits/sec                  
[  8]  30.00-30.01  sec   128 KBytes   185 Mbits/sec                  
[ 10]  30.00-30.01  sec   128 KBytes   185 Mbits/sec                  
[ 12]  30.00-30.01  sec  0.00 Bytes  0.00 bits/sec                  
[SUM]  30.00-30.01  sec   384 KBytes   555 Mbits/sec                  
- - - - - - - - - - - - - - - - - - - - - - - - -
[ ID] Interval           Transfer     Bitrate
[  5]   0.00-30.01  sec   773 MBytes   216 Mbits/sec                  receiver
[  8]   0.00-30.01  sec   686 MBytes   192 Mbits/sec                  receiver
[ 10]   0.00-30.01  sec   747 MBytes   209 Mbits/sec                  receiver
[ 12]   0.00-30.01  sec   666 MBytes   186 Mbits/sec                  receiver
[SUM]   0.00-30.01  sec  2.80 GBytes   803 Mbits/sec                  receiver
