-----------------------------------------------------------
Server listening on 5201 (test #1)
-----------------------------------------------------------
Accepted connection from 192.168.2.1, port 56398
[  5] local 192.168.2.2 port 5201 connected to 192.168.2.1 port 56404
[  8] local 192.168.2.2 port 5201 connected to 192.168.2.1 port 56410
[ 10] local 192.168.2.2 port 5201 connected to 192.168.2.1 port 56426
[ 12] local 192.168.2.2 port 5201 connected to 192.168.2.1 port 56442
[ ID] Interval           Transfer     Bitrate
[  5]   0.00-1.00   sec  12.9 MBytes   108 Mbits/sec                  
[  8]   0.00-1.00   sec  25.2 MBytes   212 Mbits/sec                  
[ 10]   0.00-1.00   sec  43.6 MBytes   366 Mbits/sec                  
[ 12]   0.00-1.00   sec  32.4 MBytes   271 Mbits/sec                  
[SUM]   0.00-1.00   sec   114 MBytes   957 Mbits/sec                  
- - - - - - - - - - - - - - - - - - - - - - - - -
[  5]   1.00-2.00   sec  20.2 MBytes   170 Mbits/sec                  
[  8]   1.00-2.00   sec  28.8 MBytes   241 Mbits/sec                  
[ 10]   1.00-2.00   sec  36.0 MBytes   302 Mbits/sec                  
[ 12]   1.00-2.00   sec  26.4 MBytes   221 Mbits/sec                  
[SUM]   1.00-2.00   sec   111 MBytes   934 Mbits/sec                  
- - - - - - - - - - - - - - - - - - - - - - - - -
[  5]   2.00-3.00   sec  35.2 MBytes   296 Mbits/sec                  
[  8]   2.00-3.00   sec  28.1 MBytes   236 Mbits/sec                  
[ 10]   2.00-3.00   sec  22.5 MBytes   189 Mbits/sec                  
[ 12]   2.00-3.00   sec  22.1 MBytes   186 Mbits/sec                  
[SUM]   2.00-3.00   sec   108 MBytes   906 Mbits/sec                  
- - - - - - - - - - - - - - - - - - - - - - - - -
[  5]   3.00-4.00   sec  24.2 MBytes   203 Mbits/sec                  
[  8]   3.00-4.00   sec  33.1 MBytes   278 Mbits/sec                  
[ 10]   3.00-4.00   sec  18.2 MBytes   153 Mbits/sec                  
[ 12]   3.00-4.00   sec  32.2 MBytes   271 Mbits/sec                  
[SUM]   3.00-4.00   sec   108 MBytes   905 Mbits/sec                  
- - - - - - - - - - - - - - - - - - - - - - - - -
[  5]   4.00-5.00   sec  32.4 MBytes   272 Mbits/sec                  
[  8]   4.00-5.00   sec  21.6 MBytes   181 Mbits/sec                  
[ 10]   4.00-5.00   sec  20.8 MBytes   174 Mbits/sec                  
[ 12]   4.00-5.00   sec  32.5 MBytes   273 Mbits/sec                  
[SUM]   4.00-5.00   sec   107 MBytes   899 Mbits/sec                  
- - - - - - - - - - - - - - - - - - - - - - - - -
[  5]   5.00-6.00   sec  40.5 MBytes   340 Mbits/sec                  
[  8]   5.00-6.00   sec  21.9 MBytes   184 Mbits/sec                  
[ 10]   5.00-6.00   sec  21.2 MBytes   178 Mbits/sec                  
[ 12]   5.00-6.00   sec  24.5 MBytes   206 Mbits/sec                  
[SUM]   5.00-6.00   sec   108 MBytes   907 Mbits/sec                  
- - - - - - - - - - - - - - - - - - - - - - - - -
[  5]   6.00-7.00   sec  23.4 MBytes   196 Mbits/sec                  
[  8]   6.00-7.00   sec  27.1 MBytes   228 Mbits/sec                  
[ 10]   6.00-7.00   sec  23.1 MBytes   194 Mbits/sec                  
[ 12]   6.00-7.00   sec  33.9 MBytes   284 Mbits/sec                  
[SUM]   6.00-7.00   sec   108 MBytes   902 Mbits/sec                  
- - - - - - - - - - - - - - - - - - - - - - - - -
[  5]   7.00-8.00   sec  35.6 MBytes   299 Mbits/sec                  
[  8]   7.00-8.00   sec  22.4 MBytes   188 Mbits/sec                  
[ 10]   7.00-8.00   sec  23.4 MBytes   196 Mbits/sec                  
[ 12]   7.00-8.00   sec  26.0 MBytes   218 Mbits/sec                  
[SUM]   7.00-8.00   sec   107 MBytes   901 Mbits/sec                  
- - - - - - - - - - - - - - - - - - - - - - - - -
[  5]   8.00-9.00   sec  33.6 MBytes   282 Mbits/sec                  
[  8]   8.00-9.00   sec  21.8 MBytes   182 Mbits/sec                  
[ 10]   8.00-9.00   sec  19.2 MBytes   161 Mbits/sec                  
[ 12]   8.00-9.00   sec  31.8 MBytes   266 Mbits/sec                  
[SUM]   8.00-9.00   sec   106 MBytes   892 Mbits/sec                  
- - - - - - - - - - - - - - - - - - - - - - - - -
[  5]   9.00-10.00  sec  34.6 MBytes   290 Mbits/sec                  
[  8]   9.00-10.00  sec  24.9 MBytes   209 Mbits/sec                  
[ 10]   9.00-10.00  sec  26.5 MBytes   222 Mbits/sec                  
[ 12]   9.00-10.00  sec  20.2 MBytes   170 Mbits/sec                  
[SUM]   9.00-10.00  sec   106 MBytes   891 Mbits/sec                  
- - - - - - - - - - - - - - - - - - - - - - - - -
[  5]  10.00-11.00  sec  30.2 MBytes   254 Mbits/sec                  
[  8]  10.00-11.00  sec  29.4 MBytes   246 Mbits/sec                  
[ 10]  10.00-11.00  sec  26.1 MBytes   219 Mbits/sec                  
[ 12]  10.00-11.00  sec  20.6 MBytes   173 Mbits/sec                  
[SUM]  10.00-11.00  sec   106 MBytes   892 Mbits/sec                  
- - - - - - - - - - - - - - - - - - - - - - - - -
[  5]  11.00-12.00  sec  30.1 MBytes   253 Mbits/sec                  
[  8]  11.00-12.00  sec  25.4 MBytes   213 Mbits/sec                  
[ 10]  11.00-12.00  sec  28.5 MBytes   239 Mbits/sec                  
[ 12]  11.00-12.00  sec  21.8 MBytes   182 Mbits/sec                  
[SUM]  11.00-12.00  sec   106 MBytes   887 Mbits/sec                  
- - - - - - - - - - - - - - - - - - - - - - - - -
[  5]  12.00-13.00  sec  30.4 MBytes   255 Mbits/sec                  
[  8]  12.00-13.00  sec  26.6 MBytes   223 Mbits/sec                  
[ 10]  12.00-13.00  sec  22.4 MBytes   188 Mbits/sec                  
[ 12]  12.00-13.00  sec  26.5 MBytes   222 Mbits/sec                  
[SUM]  12.00-13.00  sec   106 MBytes   888 Mbits/sec                  
- - - - - - - - - - - - - - - - - - - - - - - - -
[  5]  13.00-14.00  sec  23.9 MBytes   200 Mbits/sec                  
[  8]  13.00-14.00  sec  42.2 MBytes   354 Mbits/sec                  
[ 10]  13.00-14.00  sec  17.4 MBytes   146 Mbits/sec                  
[ 12]  13.00-14.00  sec  23.1 MBytes   194 Mbits/sec                  
[SUM]  13.00-14.00  sec   107 MBytes   894 Mbits/sec                  
- - - - - - - - - - - - - - - - - - - - - - - - -
[  5]  14.00-15.00  sec  27.1 MBytes   228 Mbits/sec                  
[  8]  14.00-15.00  sec  40.6 MBytes   341 Mbits/sec                  
[ 10]  14.00-15.00  sec  13.5 MBytes   113 Mbits/sec                  
[ 12]  14.00-15.00  sec  25.9 MBytes   217 Mbits/sec                  
[SUM]  14.00-15.00  sec   107 MBytes   899 Mbits/sec                  
- - - - - - - - - - - - - - - - - - - - - - - - -
[  5]  15.00-16.00  sec  36.6 MBytes   307 Mbits/sec                  
[  8]  15.00-16.00  sec  36.2 MBytes   304 Mbits/sec                  
[ 10]  15.00-16.00  sec  15.8 MBytes   132 Mbits/sec                  
[ 12]  15.00-16.00  sec  17.5 MBytes   147 Mbits/sec                  
[SUM]  15.00-16.00  sec   106 MBytes   890 Mbits/sec                  
- - - - - - - - - - - - - - - - - - - - - - - - -
[  5]  16.00-17.00  sec  28.9 MBytes   242 Mbits/sec                  
[  8]  16.00-17.00  sec  37.0 MBytes   310 Mbits/sec                  
[ 10]  16.00-17.00  sec  20.4 MBytes   171 Mbits/sec                  
[ 12]  16.00-17.00  sec  21.1 MBytes   177 Mbits/sec                  
[SUM]  16.00-17.00  sec   107 MBytes   901 Mbits/sec                  
- - - - - - - - - - - - - - - - - - - - - - - - -
[  5]  17.00-18.00  sec  26.1 MBytes   219 Mbits/sec                  
[  8]  17.00-18.00  sec  33.5 MBytes   281 Mbits/sec                  
[ 10]  17.00-18.00  sec  29.2 MBytes   245 Mbits/sec                  
[ 12]  17.00-18.00  sec  18.8 MBytes   157 Mbits/sec                  
[SUM]  17.00-18.00  sec   108 MBytes   903 Mbits/sec                  
- - - - - - - - - - - - - - - - - - - - - - - - -
[  5]  18.00-19.00  sec  20.6 MBytes   173 Mbits/sec                  
[  8]  18.00-19.00  sec  26.4 MBytes   221 Mbits/sec                  
[ 10]  18.00-19.00  sec  38.9 MBytes   326 Mbits/sec                  
[ 12]  18.00-19.00  sec  21.5 MBytes   180 Mbits/sec                  
[SUM]  18.00-19.00  sec   107 MBytes   901 Mbits/sec                  
- - - - - - - - - - - - - - - - - - - - - - - - -
[  5]  19.00-20.00  sec  20.1 MBytes   169 Mbits/sec                  
[  8]  19.00-20.00  sec  30.6 MBytes   257 Mbits/sec                  
[ 10]  19.00-20.00  sec  31.8 MBytes   266 Mbits/sec                  
[ 12]  19.00-20.00  sec  25.2 MBytes   212 Mbits/sec                  
[SUM]  19.00-20.00  sec   108 MBytes   904 Mbits/sec                  
- - - - - - - - - - - - - - - - - - - - - - - - -
[  5]  20.00-21.00  sec  20.1 MBytes   169 Mbits/sec                  
[  8]  20.00-21.00  sec  37.4 MBytes   314 Mbits/sec                  
[ 10]  20.00-21.00  sec  27.8 MBytes   233 Mbits/sec                  
[ 12]  20.00-21.00  sec  22.2 MBytes   187 Mbits/sec                  
[SUM]  20.00-21.00  sec   108 MBytes   902 Mbits/sec                  
- - - - - - - - - - - - - - - - - - - - - - - - -
[  5]  21.00-22.00  sec  31.2 MBytes   262 Mbits/sec                  
[  8]  21.00-22.00  sec  32.9 MBytes   276 Mbits/sec                  
[ 10]  21.00-22.00  sec  22.8 MBytes   191 Mbits/sec                  
[ 12]  21.00-22.00  sec  20.9 MBytes   175 Mbits/sec                  
[SUM]  21.00-22.00  sec   108 MBytes   904 Mbits/sec                  
- - - - - - - - - - - - - - - - - - - - - - - - -
[  5]  22.00-23.00  sec  31.1 MBytes   261 Mbits/sec                  
[  8]  22.00-23.00  sec  28.1 MBytes   236 Mbits/sec                  
[ 10]  22.00-23.00  sec  23.0 MBytes   193 Mbits/sec                  
[ 12]  22.00-23.00  sec  24.2 MBytes   203 Mbits/sec                  
[SUM]  22.00-23.00  sec   106 MBytes   893 Mbits/sec                  
- - - - - - - - - - - - - - - - - - - - - - - - -
[  5]  23.00-24.00  sec  29.1 MBytes   244 Mbits/sec                  
[  8]  23.00-24.00  sec  19.4 MBytes   163 Mbits/sec                  
[ 10]  23.00-24.00  sec  26.8 MBytes   224 Mbits/sec                  
[ 12]  23.00-24.00  sec  32.6 MBytes   274 Mbits/sec                  
[SUM]  23.00-24.00  sec   108 MBytes   905 Mbits/sec                  
- - - - - - - - - - - - - - - - - - - - - - - - -
[  5]  24.00-25.00  sec  25.6 MBytes   215 Mbits/sec                  
[  8]  24.00-25.00  sec  23.1 MBytes   194 Mbits/sec                  
[ 10]  24.00-25.00  sec  25.1 MBytes   211 Mbits/sec                  
[ 12]  24.00-25.00  sec  33.9 MBytes   284 Mbits/sec                  
[SUM]  24.00-25.00  sec   108 MBytes   904 Mbits/sec                  
- - - - - - - - - - - - - - - - - - - - - - - - -
[  5]  25.00-26.00  sec  21.6 MBytes   181 Mbits/sec                  
[  8]  25.00-26.00  sec  25.2 MBytes   212 Mbits/sec                  
[ 10]  25.00-26.00  sec  33.1 MBytes   278 Mbits/sec                  
[ 12]  25.00-26.00  sec  26.2 MBytes   220 Mbits/sec                  
[SUM]  25.00-26.00  sec   106 MBytes   891 Mbits/sec                  
- - - - - - - - - - - - - - - - - - - - - - - - -
[  5]  26.00-27.00  sec  25.6 MBytes   215 Mbits/sec                  
[  8]  26.00-27.00  sec  32.8 MBytes   275 Mbits/sec                  
[ 10]  26.00-27.00  sec  28.0 MBytes   235 Mbits/sec                  
[ 12]  26.00-27.00  sec  21.1 MBytes   177 Mbits/sec                  
[SUM]  26.00-27.00  sec   108 MBytes   902 Mbits/sec                  
- - - - - - - - - - - - - - - - - - - - - - - - -
[  5]  27.00-28.00  sec  23.1 MBytes   194 Mbits/sec                  
[  8]  27.00-28.00  sec  35.5 MBytes   298 Mbits/sec                  
[ 10]  27.00-28.00  sec  27.9 MBytes   234 Mbits/sec                  
[ 12]  27.00-28.00  sec  19.9 MBytes   167 Mbits/sec                  
[SUM]  27.00-28.00  sec   106 MBytes   892 Mbits/sec                  
- - - - - - - - - - - - - - - - - - - - - - - - -
[  5]  28.00-29.00  sec  21.4 MBytes   179 Mbits/sec                  
[  8]  28.00-29.00  sec  24.9 MBytes   209 Mbits/sec                  
[ 10]  28.00-29.00  sec  35.5 MBytes   298 Mbits/sec                  
[ 12]  28.00-29.00  sec  25.9 MBytes   217 Mbits/sec                  
[SUM]  28.00-29.00  sec   108 MBytes   903 Mbits/sec                  
- - - - - - - - - - - - - - - - - - - - - - - - -
[  5]  29.00-30.00  sec  21.8 MBytes   182 Mbits/sec                  
[  8]  29.00-30.00  sec  32.1 MBytes   269 Mbits/sec                  
[ 10]  29.00-30.00  sec  25.9 MBytes   217 Mbits/sec                  
[ 12]  29.00-30.00  sec  26.2 MBytes   220 Mbits/sec                  
[SUM]  29.00-30.00  sec   106 MBytes   889 Mbits/sec                  
- - - - - - - - - - - - - - - - - - - - - - - - -
[  5]  30.00-30.01  sec  0.00 Bytes  0.00 bits/sec                  
[  8]  30.00-30.01  sec   128 KBytes   168 Mbits/sec                  
[ 10]  30.00-30.01  sec   128 KBytes   168 Mbits/sec                  
[ 12]  30.00-30.01  sec   128 KBytes   174 Mbits/sec                  
[SUM]  30.00-30.01  sec   384 KBytes   505 Mbits/sec                  
- - - - - - - - - - - - - - - - - - - - - - - - -
[ ID] Interval           Transfer     Bitrate
[  5]   0.00-30.01  sec   818 MBytes   229 Mbits/sec                  receiver
[  8]   0.00-30.01  sec   874 MBytes   244 Mbits/sec                  receiver
[ 10]   0.00-30.01  sec   774 MBytes   216 Mbits/sec                  receiver
[ 12]   0.00-30.01  sec   757 MBytes   212 Mbits/sec                  receiver
[SUM]   0.00-30.01  sec  3.15 GBytes   901 Mbits/sec                  receiver
