-----------------------------------------------------------
Server listening on 5201 (test #1)
-----------------------------------------------------------
Accepted connection from 192.168.2.1, port 37624
[  5] local 192.168.2.2 port 5201 connected to 192.168.2.1 port 46668
[ ID] Interval           Transfer     Bitrate         Jitter    Lost/Total Datagrams
[  5]   0.00-1.00   sec  71.0 MBytes   595 Mbits/sec  0.010 ms  1064/146501 (0.73%)  
[  5]   1.00-2.00   sec  70.9 MBytes   594 Mbits/sec  0.010 ms  856/145991 (0.59%)  
[  5]   2.00-3.00   sec  69.8 MBytes   585 Mbits/sec  0.005 ms  4063/146997 (2.8%)  
[  5]   3.00-4.00   sec  70.6 MBytes   592 Mbits/sec  0.010 ms  1746/146372 (1.2%)  
[  5]   4.00-5.00   sec  70.1 MBytes   588 Mbits/sec  0.008 ms  2962/146579 (2%)  
[  5]   5.00-6.00   sec  70.4 MBytes   590 Mbits/sec  0.009 ms  2416/146506 (1.6%)  
[  5]   6.00-7.00   sec  69.7 MBytes   585 Mbits/sec  0.010 ms  3120/145937 (2.1%)  
[  5]   7.00-8.00   sec  69.7 MBytes   584 Mbits/sec  0.008 ms  4082/146769 (2.8%)  
[  5]   8.00-9.00   sec  69.1 MBytes   580 Mbits/sec  0.009 ms  4859/146437 (3.3%)  
[  5]   9.00-10.00  sec  70.5 MBytes   591 Mbits/sec  0.009 ms  2062/146357 (1.4%)  
[  5]  10.00-11.00  sec  69.8 MBytes   585 Mbits/sec  0.010 ms  3661/146594 (2.5%)  
[  5]  11.00-12.00  sec  69.7 MBytes   584 Mbits/sec  0.010 ms  4196/146869 (2.9%)  
[  5]  12.00-13.00  sec  69.5 MBytes   583 Mbits/sec  0.009 ms  3726/146010 (2.6%)  
[  5]  13.00-14.00  sec  70.7 MBytes   593 Mbits/sec  0.012 ms  1590/146302 (1.1%)  
[  5]  14.00-15.00  sec  69.9 MBytes   587 Mbits/sec  0.008 ms  3861/147056 (2.6%)  
[  5]  15.00-16.00  sec  70.8 MBytes   594 Mbits/sec  0.007 ms  1464/146423 (1%)  
[  5]  16.00-17.00  sec  69.8 MBytes   585 Mbits/sec  0.010 ms  3125/146018 (2.1%)  
[  5]  17.00-18.00  sec  68.9 MBytes   578 Mbits/sec  0.008 ms  5690/146892 (3.9%)  
[  5]  18.00-19.00  sec  68.5 MBytes   575 Mbits/sec  0.009 ms  5864/146232 (4%)  
[  5]  19.00-20.00  sec  71.2 MBytes   598 Mbits/sec  0.010 ms  844/146761 (0.58%)  
[  5]  20.00-21.00  sec  70.3 MBytes   589 Mbits/sec  0.009 ms  2538/146435 (1.7%)  
[  5]  21.00-22.00  sec  70.4 MBytes   591 Mbits/sec  0.009 ms  2179/146440 (1.5%)  
[  5]  22.00-23.00  sec  70.3 MBytes   589 Mbits/sec  0.009 ms  2377/146290 (1.6%)  
[  5]  23.00-24.00  sec  69.3 MBytes   581 Mbits/sec  0.009 ms  4334/146296 (3%)  
[  5]  24.00-25.00  sec  69.3 MBytes   581 Mbits/sec  0.007 ms  5041/146916 (3.4%)  
[  5]  25.00-26.00  sec  69.1 MBytes   579 Mbits/sec  0.009 ms  4785/146216 (3.3%)  
[  5]  26.00-27.00  sec  69.7 MBytes   585 Mbits/sec  0.007 ms  3920/146730 (2.7%)  
[  5]  27.00-28.00  sec  70.3 MBytes   590 Mbits/sec  0.008 ms  2283/146224 (1.6%)  
[  5]  28.00-29.00  sec  70.1 MBytes   588 Mbits/sec  0.008 ms  3287/146895 (2.2%)  
[  5]  29.00-30.00  sec  71.0 MBytes   596 Mbits/sec  0.009 ms  902/146388 (0.62%)  
[  5]  30.00-30.00  sec  73.5 KBytes   587 Mbits/sec  0.006 ms  0/147 (0%)  
- - - - - - - - - - - - - - - - - - - - - - - - -
[ ID] Interval           Transfer     Bitrate         Jitter    Lost/Total Datagrams
[  5]   0.00-30.00  sec  2.05 GBytes   587 Mbits/sec  0.006 ms  92897/4394580 (2.1%)  receiver
