-----------------------------------------------------------
Server listening on 5201 (test #1)
-----------------------------------------------------------
Accepted connection from 192.168.2.1, port 35732
[  5] local 192.168.2.2 port 5201 connected to 192.168.2.1 port 35740
[ ID] Interval           Transfer     Bitrate
[  5]   0.00-1.00   sec  51.6 MBytes   433 Mbits/sec                  
[  5]   1.00-2.00   sec  96.4 MBytes   808 Mbits/sec                  
[  5]   2.00-3.00   sec   109 MBytes   916 Mbits/sec                  
[  5]   3.00-4.00   sec   110 MBytes   921 Mbits/sec                  
[  5]   4.00-5.00   sec   108 MBytes   903 Mbits/sec                  
[  5]   5.00-6.00   sec   109 MBytes   915 Mbits/sec                  
[  5]   6.00-7.00   sec   110 MBytes   919 Mbits/sec                  
[  5]   7.00-8.00   sec   111 MBytes   934 Mbits/sec                  
[  5]   8.00-9.00   sec   105 MBytes   882 Mbits/sec                  
[  5]   9.00-10.00  sec   104 MBytes   868 Mbits/sec                  
[  5]  10.00-11.00  sec   103 MBytes   861 Mbits/sec                  
[  5]  11.00-12.00  sec   102 MBytes   855 Mbits/sec                  
[  5]  12.00-13.00  sec  99.8 MBytes   837 Mbits/sec                  
[  5]  13.00-14.00  sec   100 MBytes   842 Mbits/sec                  
[  5]  14.00-15.00  sec   102 MBytes   851 Mbits/sec                  
[  5]  15.00-16.00  sec   102 MBytes   857 Mbits/sec                  
[  5]  16.00-17.00  sec   102 MBytes   854 Mbits/sec                  
[  5]  17.00-18.00  sec  95.9 MBytes   804 Mbits/sec                  
[  5]  18.00-19.00  sec  93.6 MBytes   785 Mbits/sec                  
[  5]  19.00-20.00  sec   100 MBytes   843 Mbits/sec                  
[  5]  20.00-21.00  sec   102 MBytes   854 Mbits/sec                  
[  5]  21.00-22.00  sec   101 MBytes   849 Mbits/sec                  
[  5]  22.00-23.00  sec  99.9 MBytes   838 Mbits/sec                  
[  5]  23.00-24.00  sec   101 MBytes   850 Mbits/sec                  
[  5]  24.00-25.00  sec   102 MBytes   854 Mbits/sec                  
[  5]  25.00-26.00  sec   101 MBytes   849 Mbits/sec                  
[  5]  26.00-27.00  sec   103 MBytes   865 Mbits/sec                  
[  5]  27.00-28.00  sec   102 MBytes   855 Mbits/sec                  
[  5]  28.00-29.00  sec   103 MBytes   864 Mbits/sec                  
[  5]  29.00-30.00  sec   103 MBytes   862 Mbits/sec                  
[  5]  30.00-30.01  sec   640 KBytes   889 Mbits/sec                  
- - - - - - - - - - - - - - - - - - - - - - - - -
[ ID] Interval           Transfer     Bitrate
[  5]   0.00-30.01  sec  2.96 GBytes   848 Mbits/sec                  receiver
